/Users/anirudhsingh/STM32Cube/Repository/STM32Cube_FW_G0_V1.6.2/Drivers/CMSIS/Include/core_cm0plus.h:741:22:__NVIC_EnableIRQ	16	static,ignoring_inline_asm
/Users/anirudhsingh/STM32Cube/Repository/STM32Cube_FW_G0_V1.6.2/Drivers/CMSIS/Include/core_cm0plus.h:779:22:__NVIC_DisableIRQ	16	static,ignoring_inline_asm
/Users/anirudhsingh/STM32Cube/Repository/Packs/STMicroelectronics/X-CUBE-NFC9/1.0.0/Drivers/BSP/Components/st25r200/st25r200_com.c:142:13:st25r200comStart	8	static,ignoring_inline_asm
/Users/anirudhsingh/STM32Cube/Repository/Packs/STMicroelectronics/X-CUBE-NFC9/1.0.0/Drivers/BSP/Components/st25r200/st25r200_com.c:157:13:st25r200comStop	8	static
/Users/anirudhsingh/STM32Cube/Repository/Packs/STMicroelectronics/X-CUBE-NFC9/1.0.0/Drivers/BSP/Components/st25r200/st25r200_com.c:169:13:st25r200comTx	24	static
/Users/anirudhsingh/STM32Cube/Repository/Packs/STMicroelectronics/X-CUBE-NFC9/1.0.0/Drivers/BSP/Components/st25r200/st25r200_com.c:194:13:st25r200comRx	24	static
/Users/anirudhsingh/STM32Cube/Repository/Packs/STMicroelectronics/X-CUBE-NFC9/1.0.0/Drivers/BSP/Components/st25r200/st25r200_com.c:237:13:st25r200comTxByte	32	static
/Users/anirudhsingh/STM32Cube/Repository/Packs/STMicroelectronics/X-CUBE-NFC9/1.0.0/Drivers/BSP/Components/st25r200/st25r200_com.c:250:12:st25r200ReadRegister	16	static
/Users/anirudhsingh/STM32Cube/Repository/Packs/STMicroelectronics/X-CUBE-NFC9/1.0.0/Drivers/BSP/Components/st25r200/st25r200_com.c:257:12:st25r200ReadMultipleRegisters	16	static
/Users/anirudhsingh/STM32Cube/Repository/Packs/STMicroelectronics/X-CUBE-NFC9/1.0.0/Drivers/BSP/Components/st25r200/st25r200_com.c:273:12:st25r200WriteRegister	24	static
/Users/anirudhsingh/STM32Cube/Repository/Packs/STMicroelectronics/X-CUBE-NFC9/1.0.0/Drivers/BSP/Components/st25r200/st25r200_com.c:281:12:st25r200WriteMultipleRegisters	16	static
/Users/anirudhsingh/STM32Cube/Repository/Packs/STMicroelectronics/X-CUBE-NFC9/1.0.0/Drivers/BSP/Components/st25r200/st25r200_com.c:299:12:st25r200WriteFifo	16	static
/Users/anirudhsingh/STM32Cube/Repository/Packs/STMicroelectronics/X-CUBE-NFC9/1.0.0/Drivers/BSP/Components/st25r200/st25r200_com.c:313:12:st25r200ReadFifo	16	static
/Users/anirudhsingh/STM32Cube/Repository/Packs/STMicroelectronics/X-CUBE-NFC9/1.0.0/Drivers/BSP/Components/st25r200/st25r200_com.c:330:12:st25r200ExecuteCommand	16	static
/Users/anirudhsingh/STM32Cube/Repository/Packs/STMicroelectronics/X-CUBE-NFC9/1.0.0/Drivers/BSP/Components/st25r200/st25r200_com.c:344:12:st25r200ReadTestRegister	16	static
/Users/anirudhsingh/STM32Cube/Repository/Packs/STMicroelectronics/X-CUBE-NFC9/1.0.0/Drivers/BSP/Components/st25r200/st25r200_com.c:358:12:st25r200WriteTestRegister	32	static
/Users/anirudhsingh/STM32Cube/Repository/Packs/STMicroelectronics/X-CUBE-NFC9/1.0.0/Drivers/BSP/Components/st25r200/st25r200_com.c:373:12:st25r200WriteMultipleTestRegister	16	static
/Users/anirudhsingh/STM32Cube/Repository/Packs/STMicroelectronics/X-CUBE-NFC9/1.0.0/Drivers/BSP/Components/st25r200/st25r200_com.c:386:12:st25r200ClrRegisterBits	32	static
/Users/anirudhsingh/STM32Cube/Repository/Packs/STMicroelectronics/X-CUBE-NFC9/1.0.0/Drivers/BSP/Components/st25r200/st25r200_com.c:406:12:st25r200SetRegisterBits	32	static
/Users/anirudhsingh/STM32Cube/Repository/Packs/STMicroelectronics/X-CUBE-NFC9/1.0.0/Drivers/BSP/Components/st25r200/st25r200_com.c:426:12:st25r200ChangeRegisterBits	24	static
/Users/anirudhsingh/STM32Cube/Repository/Packs/STMicroelectronics/X-CUBE-NFC9/1.0.0/Drivers/BSP/Components/st25r200/st25r200_com.c:433:12:st25r200ModifyRegister	32	static
/Users/anirudhsingh/STM32Cube/Repository/Packs/STMicroelectronics/X-CUBE-NFC9/1.0.0/Drivers/BSP/Components/st25r200/st25r200_com.c:458:12:st25r200ChangeTestRegisterBits	32	static
/Users/anirudhsingh/STM32Cube/Repository/Packs/STMicroelectronics/X-CUBE-NFC9/1.0.0/Drivers/BSP/Components/st25r200/st25r200_com.c:483:6:st25r200CheckReg	32	static
/Users/anirudhsingh/STM32Cube/Repository/Packs/STMicroelectronics/X-CUBE-NFC9/1.0.0/Drivers/BSP/Components/st25r200/st25r200_com.c:495:6:st25r200IsRegValid	16	static
/Users/anirudhsingh/STM32Cube/Repository/Packs/STMicroelectronics/X-CUBE-NFC9/1.0.0/Drivers/BSP/Components/st25r200/st25r200_com.c:545:6:st25r200ledInit	8	static
/Users/anirudhsingh/STM32Cube/Repository/Packs/STMicroelectronics/X-CUBE-NFC9/1.0.0/Drivers/BSP/Components/st25r200/st25r200_com.c:557:6:st25r200ledEvtIrq	16	static
/Users/anirudhsingh/STM32Cube/Repository/Packs/STMicroelectronics/X-CUBE-NFC9/1.0.0/Drivers/BSP/Components/st25r200/st25r200_com.c:583:6:st25r200ledEvtWrReg	16	static
/Users/anirudhsingh/STM32Cube/Repository/Packs/STMicroelectronics/X-CUBE-NFC9/1.0.0/Drivers/BSP/Components/st25r200/st25r200_com.c:601:6:st25r200ledEvtWrMultiReg	32	static
/Users/anirudhsingh/STM32Cube/Repository/Packs/STMicroelectronics/X-CUBE-NFC9/1.0.0/Drivers/BSP/Components/st25r200/st25r200_com.c:613:6:st25r200ledEvtCmd	16	static
