Archive member included to satisfy reference by file (symbol)

/Applications/STM32CubeIDE.app/Contents/Eclipse/plugins/com.st.stm32cube.ide.mcu.externaltools.gnu-tools-for-stm32.13.3.rel1.macos64_1.0.0.202411102158/tools/bin/../lib/gcc/arm-none-eabi/13.3.1/../../../../arm-none-eabi/lib/thumb/v6-m/nofp/libc_nano.a(libc_a-exit.o)
                              /Applications/STM32CubeIDE.app/Contents/Eclipse/plugins/com.st.stm32cube.ide.mcu.externaltools.gnu-tools-for-stm32.13.3.rel1.macos64_1.0.0.202411102158/tools/bin/../lib/gcc/arm-none-eabi/13.3.1/../../../../arm-none-eabi/lib/thumb/v6-m/nofp/crt0.o (exit)
/Applications/STM32CubeIDE.app/Contents/Eclipse/plugins/com.st.stm32cube.ide.mcu.externaltools.gnu-tools-for-stm32.13.3.rel1.macos64_1.0.0.202411102158/tools/bin/../lib/gcc/arm-none-eabi/13.3.1/../../../../arm-none-eabi/lib/thumb/v6-m/nofp/libc_nano.a(libc_a-findfp.o)
                              /Applications/STM32CubeIDE.app/Contents/Eclipse/plugins/com.st.stm32cube.ide.mcu.externaltools.gnu-tools-for-stm32.13.3.rel1.macos64_1.0.0.202411102158/tools/bin/../lib/gcc/arm-none-eabi/13.3.1/../../../../arm-none-eabi/lib/thumb/v6-m/nofp/libc_nano.a(libc_a-exit.o) (__stdio_exit_handler)
/Applications/STM32CubeIDE.app/Contents/Eclipse/plugins/com.st.stm32cube.ide.mcu.externaltools.gnu-tools-for-stm32.13.3.rel1.macos64_1.0.0.202411102158/tools/bin/../lib/gcc/arm-none-eabi/13.3.1/../../../../arm-none-eabi/lib/thumb/v6-m/nofp/libc_nano.a(libc_a-vsnprintf.o)
                              ./X-CUBE-NFC9/Target/logger.o (vsnprintf)
/Applications/STM32CubeIDE.app/Contents/Eclipse/plugins/com.st.stm32cube.ide.mcu.externaltools.gnu-tools-for-stm32.13.3.rel1.macos64_1.0.0.202411102158/tools/bin/../lib/gcc/arm-none-eabi/13.3.1/../../../../arm-none-eabi/lib/thumb/v6-m/nofp/libc_nano.a(libc_a-fwalk.o)
                              /Applications/STM32CubeIDE.app/Contents/Eclipse/plugins/com.st.stm32cube.ide.mcu.externaltools.gnu-tools-for-stm32.13.3.rel1.macos64_1.0.0.202411102158/tools/bin/../lib/gcc/arm-none-eabi/13.3.1/../../../../arm-none-eabi/lib/thumb/v6-m/nofp/libc_nano.a(libc_a-findfp.o) (_fwalk_sglue)
/Applications/STM32CubeIDE.app/Contents/Eclipse/plugins/com.st.stm32cube.ide.mcu.externaltools.gnu-tools-for-stm32.13.3.rel1.macos64_1.0.0.202411102158/tools/bin/../lib/gcc/arm-none-eabi/13.3.1/../../../../arm-none-eabi/lib/thumb/v6-m/nofp/libc_nano.a(libc_a-memcmp.o)
                              ./Middlewares/X-CUBE-NFC9/Wireless/RFAL/Default_Config/rfal_st25tb.o (memcmp)
/Applications/STM32CubeIDE.app/Contents/Eclipse/plugins/com.st.stm32cube.ide.mcu.externaltools.gnu-tools-for-stm32.13.3.rel1.macos64_1.0.0.202411102158/tools/bin/../lib/gcc/arm-none-eabi/13.3.1/../../../../arm-none-eabi/lib/thumb/v6-m/nofp/libc_nano.a(libc_a-memmove.o)
                              ./Middlewares/X-CUBE-NFC9/Wireless/RFAL/Default_Config/rfal_isoDep.o (memmove)
/Applications/STM32CubeIDE.app/Contents/Eclipse/plugins/com.st.stm32cube.ide.mcu.externaltools.gnu-tools-for-stm32.13.3.rel1.macos64_1.0.0.202411102158/tools/bin/../lib/gcc/arm-none-eabi/13.3.1/../../../../arm-none-eabi/lib/thumb/v6-m/nofp/libc_nano.a(libc_a-memset.o)
                              /Applications/STM32CubeIDE.app/Contents/Eclipse/plugins/com.st.stm32cube.ide.mcu.externaltools.gnu-tools-for-stm32.13.3.rel1.macos64_1.0.0.202411102158/tools/bin/../lib/gcc/arm-none-eabi/13.3.1/../../../../arm-none-eabi/lib/thumb/v6-m/nofp/crt0.o (memset)
/Applications/STM32CubeIDE.app/Contents/Eclipse/plugins/com.st.stm32cube.ide.mcu.externaltools.gnu-tools-for-stm32.13.3.rel1.macos64_1.0.0.202411102158/tools/bin/../lib/gcc/arm-none-eabi/13.3.1/../../../../arm-none-eabi/lib/thumb/v6-m/nofp/libc_nano.a(libc_a-errno.o)
                              ./Core/Src/syscalls.o (__errno)
/Applications/STM32CubeIDE.app/Contents/Eclipse/plugins/com.st.stm32cube.ide.mcu.externaltools.gnu-tools-for-stm32.13.3.rel1.macos64_1.0.0.202411102158/tools/bin/../lib/gcc/arm-none-eabi/13.3.1/../../../../arm-none-eabi/lib/thumb/v6-m/nofp/libc_nano.a(libc_a-init.o)
                              /Applications/STM32CubeIDE.app/Contents/Eclipse/plugins/com.st.stm32cube.ide.mcu.externaltools.gnu-tools-for-stm32.13.3.rel1.macos64_1.0.0.202411102158/tools/bin/../lib/gcc/arm-none-eabi/13.3.1/../../../../arm-none-eabi/lib/thumb/v6-m/nofp/crt0.o (__libc_init_array)
/Applications/STM32CubeIDE.app/Contents/Eclipse/plugins/com.st.stm32cube.ide.mcu.externaltools.gnu-tools-for-stm32.13.3.rel1.macos64_1.0.0.202411102158/tools/bin/../lib/gcc/arm-none-eabi/13.3.1/../../../../arm-none-eabi/lib/thumb/v6-m/nofp/libc_nano.a(libc_a-lock.o)
                              /Applications/STM32CubeIDE.app/Contents/Eclipse/plugins/com.st.stm32cube.ide.mcu.externaltools.gnu-tools-for-stm32.13.3.rel1.macos64_1.0.0.202411102158/tools/bin/../lib/gcc/arm-none-eabi/13.3.1/../../../../arm-none-eabi/lib/thumb/v6-m/nofp/libc_nano.a(libc_a-findfp.o) (__retarget_lock_init_recursive)
[...]
Memory Configuration

Name             Origin             Length             Attributes
RAM              0x20000000         0x00024000         xrw
FLASH            0x08000000         0x00080000         xr
*default*        0x00000000         0xffffffff

Linker script and memory map

LOAD /Applications/STM32CubeIDE.app/Contents/Eclipse/plugins/com.st.stm32cube.ide.mcu.externaltools.gnu-tools-for-stm32.13.3.rel1.macos64_1.0.0.202411102158/tools/bin/../lib/gcc/arm-none-eabi/13.3.1/thumb/v6-m/nofp/crti.o
LOAD /Applications/STM32CubeIDE.app/Contents/Eclipse/plugins/com.st.stm32cube.ide.mcu.externaltools.gnu-tools-for-stm32.13.3.rel1.macos64_1.0.0.202411102158/tools/bin/../lib/gcc/arm-none-eabi/13.3.1/thumb/v6-m/nofp/crtbegin.o
LOAD /Applications/STM32CubeIDE.app/Contents/Eclipse/plugins/com.st.stm32cube.ide.mcu.externaltools.gnu-tools-for-stm32.13.3.rel1.macos64_1.0.0.202411102158/tools/bin/../lib/gcc/arm-none-eabi/13.3.1/../../../../arm-none-eabi/lib/thumb/v6-m/nofp/crt0.o
LOAD ./Core/Src/main.o
LOAD ./Core/Src/stm32g0xx_hal_msp.o
LOAD ./Core/Src/stm32g0xx_it.o
LOAD ./Core/Src/stm32g0xx_nucleo.o
LOAD ./Core/Src/stm32g0xx_nucleo_bus.o
LOAD ./Core/Src/syscalls.o
LOAD ./Core/Src/sysmem.o
LOAD ./Core/Src/system_stm32g0xx.o
LOAD ./Core/Startup/startup_stm32g0b1retx.o
LOAD ./Drivers/BSP/Components/rfal_rfst25r200.o
LOAD ./Drivers/BSP/Components/st25r200.o
LOAD ./Drivers/BSP/Components/st25r200_com.o
LOAD ./Drivers/BSP/Components/st25r200_irq.o
LOAD ./Drivers/BSP/Components/timer.o
LOAD ./Drivers/BSP/NFC/nfc09a1.o
LOAD ./Drivers/STM32G0xx_HAL_Driver/stm32g0xx_hal.o
LOAD ./Drivers/STM32G0xx_HAL_Driver/stm32g0xx_hal_cortex.o
LOAD ./Drivers/STM32G0xx_HAL_Driver/stm32g0xx_hal_dma.o
LOAD ./Drivers/STM32G0xx_HAL_Driver/stm32g0xx_hal_dma_ex.o
LOAD ./Drivers/STM32G0xx_HAL_Driver/stm32g0xx_hal_exti.o
LOAD ./Drivers/STM32G0xx_HAL_Driver/stm32g0xx_hal_flash.o
LOAD ./Drivers/STM32G0xx_HAL_Driver/stm32g0xx_hal_flash_ex.o
LOAD ./Drivers/STM32G0xx_HAL_Driver/stm32g0xx_hal_gpio.o
LOAD ./Drivers/STM32G0xx_HAL_Driver/stm32g0xx_hal_pwr.o
LOAD ./Drivers/STM32G0xx_HAL_Driver/stm32g0xx_hal_pwr_ex.o
LOAD ./Drivers/STM32G0xx_HAL_Driver/stm32g0xx_hal_rcc.o
LOAD ./Drivers/STM32G0xx_HAL_Driver/stm32g0xx_hal_rcc_ex.o
LOAD ./Drivers/STM32G0xx_HAL_Driver/stm32g0xx_hal_spi.o
LOAD ./Drivers/STM32G0xx_HAL_Driver/stm32g0xx_hal_spi_ex.o
LOAD ./Drivers/STM32G0xx_HAL_Driver/stm32g0xx_hal_uart.o
LOAD ./Drivers/STM32G0xx_HAL_Driver/stm32g0xx_hal_uart_ex.o
LOAD ./Drivers/STM32G0xx_HAL_Driver/stm32g0xx_ll_rcc.o
LOAD ./Middlewares/X-CUBE-NFC9/Wireless/RFAL/Default_Config/rfal_analogConfig.o
LOAD ./Middlewares/X-CUBE-NFC9/Wireless/RFAL/Default_Config/rfal_isoDep.o
LOAD ./Middlewares/X-CUBE-NFC9/Wireless/RFAL/Default_Config/rfal_nfc.o
LOAD ./Middlewares/X-CUBE-NFC9/Wireless/RFAL/Default_Config/rfal_nfcDep.o
LOAD ./Middlewares/X-CUBE-NFC9/Wireless/RFAL/Default_Config/rfal_nfca.o
LOAD ./Middlewares/X-CUBE-NFC9/Wireless/RFAL/Default_Config/rfal_nfcb.o
LOAD ./Middlewares/X-CUBE-NFC9/Wireless/RFAL/Default_Config/rfal_nfcf.o
LOAD ./Middlewares/X-CUBE-NFC9/Wireless/RFAL/Default_Config/rfal_nfcv.o
LOAD ./Middlewares/X-CUBE-NFC9/Wireless/RFAL/Default_Config/rfal_st25tb.o
LOAD ./Middlewares/X-CUBE-NFC9/Wireless/RFAL/Default_Config/rfal_st25xv.o
LOAD ./Middlewares/X-CUBE-NFC9/Wireless/RFAL/Default_Config/rfal_t1t.o
LOAD ./Middlewares/X-CUBE-NFC9/Wireless/RFAL/Default_Config/rfal_t2t.o
LOAD ./Middlewares/X-CUBE-NFC9/Wireless/RFAL/Default_Config/rfal_t4t.o
LOAD ./X-CUBE-NFC9/App/app_x-cube-nfcx.o
LOAD ./X-CUBE-NFC9/Target/demo_polling.o
LOAD ./X-CUBE-NFC9/Target/logger.o
LOAD ./X-CUBE-NFC9/Target/nfc_conf.o
START GROUP
LOAD /Applications/STM32CubeIDE.app/Contents/Eclipse/plugins/com.st.stm32cube.ide.mcu.externaltools.gnu-tools-for-stm32.13.3.rel1.macos64_1.0.0.202411102158/tools/bin/../lib/gcc/arm-none-eabi/13.3.1/../../../../arm-none-eabi/lib/thumb/v6-m/nofp/libc_nano.a
LOAD /Applications/STM32CubeIDE.app/Contents/Eclipse/plugins/com.st.stm32cube.ide.mcu.externaltools.gnu-tools-for-stm32.13.3.rel1.macos64_1.0.0.202411102158/tools/bin/../lib/gcc/arm-none-eabi/13.3.1/../../../../arm-none-eabi/lib/thumb/v6-m/nofp/libm.a
END GROUP
START GROUP
LOAD /Applications/STM32CubeIDE.app/Contents/Eclipse/plugins/com.st.stm32cube.ide.mcu.externaltools.gnu-tools-for-stm32.13.3.rel1.macos64_1.0.0.202411102158/tools/bin/../lib/gcc/arm-none-eabi/13.3.1/thumb/v6-m/nofp/libgcc.a
LOAD /Applications/STM32CubeIDE.app/Contents/Eclipse/plugins/com.st.stm32cube.ide.mcu.externaltools.gnu-tools-for-stm32.13.3.rel1.macos64_1.0.0.202411102158/tools/bin/../lib/gcc/arm-none-eabi/13.3.1/../../../../arm-none-eabi/lib/thumb/v6-m/nofp/libc_nano.a
END GROUP
START GROUP
LOAD /Applications/STM32CubeIDE.app/Contents/Eclipse/plugins/com.st.stm32cube.ide.mcu.externaltools.gnu-tools-for-stm32.13.3.rel1.macos64_1.0.0.202411102158/tools/bin/../lib/gcc/arm-none-eabi/13.3.1/thumb/v6-m/nofp/libgcc.a
LOAD /Applications/STM32CubeIDE.app/Contents/Eclipse/plugins/com.st.stm32cube.ide.mcu.externaltools.gnu-tools-for-stm32.13.3.rel1.macos64_1.0.0.202411102158/tools/bin/../lib/gcc/arm-none-eabi/13.3.1/../../../../arm-none-eabi/lib/thumb/v6-m/nofp/libc_nano.a
LOAD /Applications/STM32CubeIDE.app/Contents/Eclipse/plugins/com.st.stm32cube.ide.mcu.externaltools.gnu-tools-for-stm32.13.3.rel1.macos64_1.0.0.202411102158/tools/bin/../lib/gcc/arm-none-eabi/13.3.1/../../../../arm-none-eabi/lib/thumb/v6-m/nofp/libnosys.a
END GROUP
START GROUP
LOAD /Applications/STM32CubeIDE.app/Contents/Eclipse/plugins/com.st.stm32cube.ide.mcu.externaltools.gnu-tools-for-stm32.13.3.rel1.macos64_1.0.0.202411102158/tools/bin/../lib/gcc/arm-none-eabi/13.3.1/thumb/v6-m/nofp/libgcc.a
LOAD /Applications/STM32CubeIDE.app/Contents/Eclipse/plugins/com.st.stm32cube.ide.mcu.externaltools.gnu-tools-for-stm32.13.3.rel1.macos64_1.0.0.202411102158/tools/bin/../lib/gcc/arm-none-eabi/13.3.1/../../../../arm-none-eabi/lib/thumb/v6-m/nofp/libc_nano.a
LOAD /Applications/STM32CubeIDE.app/Contents/Eclipse/plugins/com.st.stm32cube.ide.mcu.externaltools.gnu-tools-for-stm32.13.3.rel1.macos64_1.0.0.202411102158/tools/bin/../lib/gcc/arm-none-eabi/13.3.1/../../../../arm-none-eabi/lib/thumb/v6-m/nofp/libnosys.a
END GROUP
LOAD /Applications/STM32CubeIDE.app/Contents/Eclipse/plugins/com.st.stm32cube.ide.mcu.externaltools.gnu-tools-for-stm32.13.3.rel1.macos64_1.0.0.202411102158/tools/bin/../lib/gcc/arm-none-eabi/13.3.1/thumb/v6-m/nofp/crtend.o
LOAD /Applications/STM32CubeIDE.app/Contents/Eclipse/plugins/com.st.stm32cube.ide.mcu.externaltools.gnu-tools-for-stm32.13.3.rel1.macos64_1.0.0.202411102158/tools/bin/../lib/gcc/arm-none-eabi/13.3.1/thumb/v6-m/nofp/crtn.o
                0x20024000                        _estack = (ORIGIN (RAM) + LENGTH (RAM))
                0x00000200                        _Min_Heap_Size = 0x200
                0x00000400                        _Min_Stack_Size = 0x400

.isr_vector     0x08000000       0xbc
                0x08000000                        . = ALIGN (0x4)
 *(.isr_vector)
 .isr_vector    0x08000000       0xbc ./Core/Startup/startup_stm32g0b1retx.o
                0x08000000                g_pfnVectors
                0x080000bc                        . = ALIGN (0x4)

.text           0x080000bc     0xeffc
                0x080000bc                        . = ALIGN (0x4)
 *(.text)
 .text          0x080000bc       0x48 /Applications/STM32CubeIDE.app/Contents/Eclipse/plugins/com.st.stm32cube.ide.mcu.externaltools.gnu-tools-for-stm32.13.3.rel1.macos64_1.0.0.202411102158/tools/bin/../lib/gcc/arm-none-eabi/13.3.1/thumb/v6-m/nofp/crtbegin.o
 .text          0x08000104        0xe /Applications/STM32CubeIDE.app/Contents/Eclipse/plugins/com.st.stm32cube.ide.mcu.externaltools.gnu-tools-for-stm32.13.3.rel1.macos64_1.0.0.202411102158/tools/bin/../lib/gcc/arm-none-eabi/13.3.1/../../../../arm-none-eabi/lib/thumb/v6-m/nofp/libc_nano.a(libc_a-strlen.o)
                0x08000104                strlen
 *fill*         0x08000112        0x2 
 .text          0x08000114       0x14 /Applications/STM32CubeIDE.app/Contents/Eclipse/plugins/com.st.stm32cube.ide.mcu.externaltools.gnu-tools-for-stm32.13.3.rel1.macos64_1.0.0.202411102158/tools/bin/../lib/gcc/arm-none-eabi/13.3.1/thumb/v6-m/nofp/libgcc.a(_thumb1_case_shi.o)
                0x08000114                __gnu_thumb1_case_shi
 .text          0x08000128      0x114 /Applications/STM32CubeIDE.app/Contents/Eclipse/plugins/com.st.stm32cube.ide.mcu.externaltools.gnu-tools-for-stm32.13.3.rel1.macos64_1.0.0.202411102158/tools/bin/../lib/gcc/arm-none-eabi/13.3.1/thumb/v6-m/nofp/libgcc.a(_udivsi3.o)
                0x08000128                __udivsi3
                0x08000128                __aeabi_uidiv
                0x08000234                __aeabi_uidivmod
 .text          0x0800023c      0x1d4 /Applications/STM32CubeIDE.app/Contents/Eclipse/plugins/com.st.stm32cube.ide.mcu.externaltools.gnu-tools-for-stm32.13.3.rel1.macos64_1.0.0.202411102158/tools/bin/../lib/gcc/arm-none-eabi/13.3.1/thumb/v6-m/nofp/libgcc.a(_divsi3.o)
                0x0800023c                __aeabi_idiv
                0x0800023c                __divsi3
                0x08000408                __aeabi_idivmod
 .text          0x08000410        0x4 /Applications/STM32CubeIDE.app/Contents/Eclipse/plugins/com.st.stm32cube.ide.mcu.externaltools.gnu-tools-for-stm32.13.3.rel1.macos64_1.0.0.202411102158/tools/bin/../lib/gcc/arm-none-eabi/13.3.1/thumb/v6-m/nofp/libgcc.a(_dvmd_tls.o)
                0x08000410                __aeabi_ldiv0
                0x08000410                __aeabi_idiv0
 .text          0x08000414       0x40 /Applications/STM32CubeIDE.app/Contents/Eclipse/plugins/com.st.stm32cube.ide.mcu.externaltools.gnu-tools-for-stm32.13.3.rel1.macos64_1.0.0.202411102158/tools/bin/../lib/gcc/arm-none-eabi/13.3.1/thumb/v6-m/nofp/libgcc.a(_aeabi_uldivmod.o)
                0x08000414                __aeabi_uldivmod
 .text          0x08000454      0x198 /Applications/STM32CubeIDE.app/Contents/Eclipse/plugins/com.st.stm32cube.ide.mcu.externaltools.gnu-tools-for-stm32.13.3.rel1.macos64_1.0.0.202411102158/tools/bin/../lib/gcc/arm-none-eabi/13.3.1/thumb/v6-m/nofp/libgcc.a(_udivmoddi4.o)
                0x08000454                __udivmoddi4
 .text          0x080005ec       0x3c /Applications/STM32CubeIDE.app/Contents/Eclipse/plugins/com.st.stm32cube.ide.mcu.externaltools.gnu-tools-for-stm32.13.3.rel1.macos64_1.0.0.202411102158/tools/bin/../lib/gcc/arm-none-eabi/13.3.1/thumb/v6-m/nofp/libgcc.a(_clzsi2.o)
                0x080005ec                __clzsi2
 .text          0x08000628       0x18 /Applications/STM32CubeIDE.app/Contents/Eclipse/plugins/com.st.stm32cube.ide.mcu.externaltools.gnu-tools-for-stm32.13.3.rel1.macos64_1.0.0.202411102158/tools/bin/../lib/gcc/arm-none-eabi/13.3.1/thumb/v6-m/nofp/libgcc.a(_clzdi2.o)
                0x08000628                __clzdi2
 *(.text*)
 .text.main     0x08000640       0x1a ./Core/Src/main.o
                0x08000640                main
 .text.SystemClock_Config
                0x0800065a       0xbc ./Core/Src/main.o
                0x0800065a                SystemClock_Config
 *fill*         0x08000716        0x2 
 .text.MX_GPIO_Init
                0x08000718      0x110 ./Core/Src/main.o
 .text.Error_Handler
                0x08000828        0xc ./Core/Src/main.o
                0x08000828                Error_Handler
 .text.HAL_MspInit
                0x08000834       0x50 ./Core/Src/stm32g0xx_hal_msp.o
                0x08000834                HAL_MspInit
 .text.NMI_Handler
                0x08000884        0x8 ./Core/Src/stm32g0xx_it.o
                0x08000884                NMI_Handler
 .text.HardFault_Handler
                0x0800088c        0x8 ./Core/Src/stm32g0xx_it.o
                0x0800088c                HardFault_Handler
 .text.SVC_Handler
                0x08000894        0xa ./Core/Src/stm32g0xx_it.o
                0x08000894                SVC_Handler
 .text.PendSV_Handler
                0x0800089e        0xa ./Core/Src/stm32g0xx_it.o
                0x0800089e                PendSV_Handler
 .text.SysTick_Handler
                0x080008a8        0xe ./Core/Src/stm32g0xx_it.o
                0x080008a8                SysTick_Handler
 *fill*         0x080008b6        0x2 
 .text.EXTI0_1_IRQHandler
                0x080008b8       0x18 ./Core/Src/stm32g0xx_it.o
                0x080008b8                EXTI0_1_IRQHandler
 .text.USART2_LPUART2_IRQHandler
                0x080008d0       0x18 ./Core/Src/stm32g0xx_it.o
                0x080008d0                USART2_LPUART2_IRQHandler
 .text.BSP_PB_Init
                0x080008e8       0xc0 ./Core/Src/stm32g0xx_nucleo.o
                0x080008e8                BSP_PB_Init
 .text.BSP_PB_Callback
                0x080009a8       0x14 ./Core/Src/stm32g0xx_nucleo.o
                0x080009a8                BSP_PB_Callback
 .text.BUTTON_USER_EXTI_Callback
                0x080009bc       0x10 ./Core/Src/stm32g0xx_nucleo.o
 .text.BUTTON_USER_GPIO_Init
                0x080009cc       0x78 ./Core/Src/stm32g0xx_nucleo.o
 .text.BSP_COM_Init
                0x08000a44       0x78 ./Core/Src/stm32g0xx_nucleo.o
                0x08000a44                BSP_COM_Init
 .text.MX_USART2_UART_Init
                0x08000abc       0xb8 ./Core/Src/stm32g0xx_nucleo.o
                0x08000abc                MX_USART2_UART_Init
 .text.USART2_MspInit
                0x08000b74       0xd8 ./Core/Src/stm32g0xx_nucleo.o
 .text.BSP_SPI1_Init
                0x08000c4c       0x60 ./Core/Src/stm32g0xx_nucleo_bus.o
                0x08000c4c                BSP_SPI1_Init
 .text.BSP_GetTick
                0x08000cac       0x10 ./Core/Src/stm32g0xx_nucleo_bus.o
                0x08000cac                BSP_GetTick
 .text.MX_SPI1_Init
                0x08000cbc       0x90 ./Core/Src/stm32g0xx_nucleo_bus.o
                0x08000cbc                MX_SPI1_Init
 .text.SPI1_MspInit
                0x08000d4c       0xd0 ./Core/Src/stm32g0xx_nucleo_bus.o
 .text._sbrk    0x08000e1c       0x6c ./Core/Src/sysmem.o
                0x08000e1c                _sbrk
 .text.SystemInit
                0x08000e88        0xa ./Core/Src/system_stm32g0xx.o
                0x08000e88                SystemInit
 *fill*         0x08000e92        0x2 
 .text.Reset_Handler
                0x08000e94       0x50 ./Core/Startup/startup_stm32g0b1retx.o
                0x08000e94                Reset_Handler
 .text.Default_Handler
                0x08000ee4        0x2 ./Core/Startup/startup_stm32g0b1retx.o
                0x08000ee4                TIM1_BRK_UP_TRG_COM_IRQHandler
                0x08000ee4                USART3_4_5_6_LPUART1_IRQHandler
                0x08000ee4                TIM1_CC_IRQHandler
                0x08000ee4                ADC1_COMP_IRQHandler
                0x08000ee4                I2C1_IRQHandler
                0x08000ee4                TIM7_LPTIM2_IRQHandler
                0x08000ee4                TIM17_FDCAN_IT1_IRQHandler
                0x08000ee4                DMA1_Ch4_7_DMA2_Ch1_5_DMAMUX1_OVR_IRQHandler
                0x08000ee4                RCC_CRS_IRQHandler
                0x08000ee4                RTC_TAMP_IRQHandler
                0x08000ee4                SPI1_IRQHandler
                0x08000ee4                USB_UCPD1_2_IRQHandler
                0x08000ee4                EXTI2_3_IRQHandler
                0x08000ee4                PVD_VDDIO2_IRQHandler
                0x08000ee4                EXTI4_15_IRQHandler
                0x08000ee4                DMA1_Channel1_IRQHandler
                0x08000ee4                Default_Handler
                0x08000ee4                CEC_IRQHandler
                0x08000ee4                TIM14_IRQHandler
                0x08000ee4                TIM15_IRQHandler
                0x08000ee4                TIM3_TIM4_IRQHandler
                0x08000ee4                SPI2_3_IRQHandler
                0x08000ee4                TIM6_DAC_LPTIM1_IRQHandler
                0x08000ee4                WWDG_IRQHandler
                0x08000ee4                TIM2_IRQHandler
                0x08000ee4                DMA1_Channel2_3_IRQHandler
                0x08000ee4                FLASH_IRQHandler
                0x08000ee4                USART1_IRQHandler
                0x08000ee4                TIM16_FDCAN_IT0_IRQHandler
                0x08000ee4                I2C2_3_IRQHandler
 *fill*         0x08000ee6        0x2 
 .text.rfalInitialize
                0x08000ee8       0xb0 ./Drivers/BSP/Components/rfal_rfst25r200.o
                0x08000ee8                rfalInitialize
 .text.rfalCalibrate
                0x08000f98       0x24 ./Drivers/BSP/Components/rfal_rfst25r200.o
                0x08000f98                rfalCalibrate
 .text.rfalAdjustRegulators
                0x08000fbc       0x2c ./Drivers/BSP/Components/rfal_rfst25r200.o
                0x08000fbc                rfalAdjustRegulators
 .text.rfalSetMode
                0x08000fe8      0x1a8 ./Drivers/BSP/Components/rfal_rfst25r200.o
                0x08000fe8                rfalSetMode
 .text.rfalSetBitRate
                0x08001190      0x298 ./Drivers/BSP/Components/rfal_rfst25r200.o
                0x08001190                rfalSetBitRate
 .text.rfalSetErrorHandling
                0x08001428       0x44 ./Drivers/BSP/Components/rfal_rfst25r200.o
                0x08001428                rfalSetErrorHandling
 .text.rfalSetFDTPoll
                0x0800146c       0x28 ./Drivers/BSP/Components/rfal_rfst25r200.o
                0x0800146c                rfalSetFDTPoll
 .text.rfalGetFDTPoll
                0x08001494       0x14 ./Drivers/BSP/Components/rfal_rfst25r200.o
                0x08001494                rfalGetFDTPoll
 .text.rfalSetFDTListen
                0x080014a8       0x28 ./Drivers/BSP/Components/rfal_rfst25r200.o
                0x080014a8                rfalSetFDTListen
 .text.rfalSetGT
                0x080014d0       0x28 ./Drivers/BSP/Components/rfal_rfst25r200.o
                0x080014d0                rfalSetGT
 .text.rfalIsGTExpired
                0x080014f8       0x34 ./Drivers/BSP/Components/rfal_rfst25r200.o
                0x080014f8                rfalIsGTExpired
 .text.rfalFieldOnAndStartGT
                0x0800152c       0xb8 ./Drivers/BSP/Components/rfal_rfst25r200.o
                0x0800152c                rfalFieldOnAndStartGT
 .text.rfalFieldOff
                0x080015e4       0x30 ./Drivers/BSP/Components/rfal_rfst25r200.o
                0x080015e4                rfalFieldOff
 .text.rfalStartTransceive
                0x08001614      0x1b0 ./Drivers/BSP/Components/rfal_rfst25r200.o
                0x08001614                rfalStartTransceive
 .text.rfalIsTransceiveInTx
                0x080017c4       0x2c ./Drivers/BSP/Components/rfal_rfst25r200.o
                0x080017c4                rfalIsTransceiveInTx
 .text.rfalIsTransceiveInRx
                0x080017f0       0x1c ./Drivers/BSP/Components/rfal_rfst25r200.o
                0x080017f0                rfalIsTransceiveInRx
 .text.rfalTransceiveBlockingTx
                0x0800180c       0x82 ./Drivers/BSP/Components/rfal_rfst25r200.o
                0x0800180c                rfalTransceiveBlockingTx
 .text.rfalTransceiveRunBlockingTx
                0x0800188e       0x3c ./Drivers/BSP/Components/rfal_rfst25r200.o
 .text.rfalTransceiveBlockingRx
                0x080018ca       0x30 ./Drivers/BSP/Components/rfal_rfst25r200.o
                0x080018ca                rfalTransceiveBlockingRx
 .text.rfalTransceiveBlockingTxRx
                0x080018fa       0x82 ./Drivers/BSP/Components/rfal_rfst25r200.o
                0x080018fa                rfalTransceiveBlockingTxRx
 .text.rfalRunTransceiveWorker
                0x0800197c       0x40 ./Drivers/BSP/Components/rfal_rfst25r200.o
 .text.rfalGetTransceiveStatus
                0x080019bc       0x20 ./Drivers/BSP/Components/rfal_rfst25r200.o
                0x080019bc                rfalGetTransceiveStatus
 .text.rfalWorker
                0x080019dc       0x28 ./Drivers/BSP/Components/rfal_rfst25r200.o
                0x080019dc                rfalWorker
 .text.rfalErrorHandling
                0x08001a04       0x78 ./Drivers/BSP/Components/rfal_rfst25r200.o
 .text.rfalCleanupTransceive
                0x08001a7c       0x34 ./Drivers/BSP/Components/rfal_rfst25r200.o
 .text.rfalPrepareTransceive
                0x08001ab0      0x154 ./Drivers/BSP/Components/rfal_rfst25r200.o
 .text.rfalTransceiveTx
                0x08001c04      0x2c0 ./Drivers/BSP/Components/rfal_rfst25r200.o
 .text.rfalTransceiveRx
                0x08001ec4      0x434 ./Drivers/BSP/Components/rfal_rfst25r200.o
 .text.rfalFIFOStatusUpdate
                0x080022f8       0x28 ./Drivers/BSP/Components/rfal_rfst25r200.o
 .text.rfalFIFOStatusClear
                0x08002320       0x18 ./Drivers/BSP/Components/rfal_rfst25r200.o
 .text.rfalFIFOStatusGetNumBytes
                0x08002338       0x44 ./Drivers/BSP/Components/rfal_rfst25r200.o
 .text.rfalFIFOStatusIsIncompleteByte
                0x0800237c       0x24 ./Drivers/BSP/Components/rfal_rfst25r200.o
 .text.rfalFIFOStatusIsMissingPar
                0x080023a0       0x24 ./Drivers/BSP/Components/rfal_rfst25r200.o
 .text.rfalFIFOGetNumIncompleteBits
                0x080023c4       0x24 ./Drivers/BSP/Components/rfal_rfst25r200.o
 .text.rfalISO14443ATransceiveShortFrame
                0x080023e8      0x104 ./Drivers/BSP/Components/rfal_rfst25r200.o
                0x080023e8                rfalISO14443ATransceiveShortFrame
 .text.rfalISO14443AStartTransceiveAnticollisionFrame
                0x080024ec      0x15c ./Drivers/BSP/Components/rfal_rfst25r200.o
                0x080024ec                rfalISO14443AStartTransceiveAnticollisionFrame
 .text.rfalISO14443AGetTransceiveAnticollisionFrameStatus
                0x08002648      0x174 ./Drivers/BSP/Components/rfal_rfst25r200.o
                0x08002648                rfalISO14443AGetTransceiveAnticollisionFrameStatus
 .text.rfalISO15693TransceiveAnticollisionFrame
                0x080027bc      0x18c ./Drivers/BSP/Components/rfal_rfst25r200.o
                0x080027bc                rfalISO15693TransceiveAnticollisionFrame
 .text.rfalISO15693TransceiveEOFAnticollision
                0x08002948       0x52 ./Drivers/BSP/Components/rfal_rfst25r200.o
                0x08002948                rfalISO15693TransceiveEOFAnticollision
 *fill*         0x0800299a        0x2 
 .text.rfalISO15693TransceiveEOF
                0x0800299c      0x194 ./Drivers/BSP/Components/rfal_rfst25r200.o
                0x0800299c                rfalISO15693TransceiveEOF
 .text.rfalWakeUpModeStart
                0x08002b30      0x4c0 ./Drivers/BSP/Components/rfal_rfst25r200.o
                0x08002b30                rfalWakeUpModeStart
 .text.rfalWakeUpModeHasWoke
                0x08002ff0       0x20 ./Drivers/BSP/Components/rfal_rfst25r200.o
                0x08002ff0                rfalWakeUpModeHasWoke
 .text.rfalRunWakeUpModeWorker
                0x08003010       0xa4 ./Drivers/BSP/Components/rfal_rfst25r200.o
 .text.rfalWakeUpModeStop
                0x080030b4       0x48 ./Drivers/BSP/Components/rfal_rfst25r200.o
                0x080030b4                rfalWakeUpModeStop
 .text.rfalChipChangeRegBits
                0x080030fc       0x5a ./Drivers/BSP/Components/rfal_rfst25r200.o
                0x080030fc                rfalChipChangeRegBits
 .text.rfalChipChangeTestRegBits
                0x08003156       0x3c ./Drivers/BSP/Components/rfal_rfst25r200.o
                0x08003156                rfalChipChangeTestRegBits
 .text.st25r200WaitAgd
                0x08003192       0x3c ./Drivers/BSP/Components/st25r200.o
 *fill*         0x080031ce        0x2 
 .text.st25r200Initialize
                0x080031d0       0x8c ./Drivers/BSP/Components/st25r200.o
                0x080031d0                st25r200Initialize
 .text.st25r200OscOn
                0x0800325c       0x98 ./Drivers/BSP/Components/st25r200.o
                0x0800325c                st25r200OscOn
 .text.st25r200AdjustRegulators
                0x080032f4       0x80 ./Drivers/BSP/Components/st25r200.o
                0x080032f4                st25r200AdjustRegulators
 .text.st25r200ExecuteCommandAndGetResult
                0x08003374       0x78 ./Drivers/BSP/Components/st25r200.o
                0x08003374                st25r200ExecuteCommandAndGetResult
 .text.st25r200CalibrateWU
                0x080033ec       0x58 ./Drivers/BSP/Components/st25r200.o
                0x080033ec                st25r200CalibrateWU
 .text.st25r200MeasureWU
                0x08003444       0x58 ./Drivers/BSP/Components/st25r200.o
                0x08003444                st25r200MeasureWU
 .text.st25r200SetBitrate
                0x0800349c       0xb4 ./Drivers/BSP/Components/st25r200.o
                0x0800349c                st25r200SetBitrate
 .text.st25r200SetNumTxBits
                0x08003550       0x34 ./Drivers/BSP/Components/st25r200.o
                0x08003550                st25r200SetNumTxBits
 .text.st25r200SetNoResponseTime
                0x08003584       0x98 ./Drivers/BSP/Components/st25r200.o
                0x08003584                st25r200SetNoResponseTime
 .text.st25r200SetGPTime
                0x0800361c       0x34 ./Drivers/BSP/Components/st25r200.o
                0x0800361c                st25r200SetGPTime
 .text.st25r200SetStartGPTimer
                0x08003650       0x42 ./Drivers/BSP/Components/st25r200.o
                0x08003650                st25r200SetStartGPTimer
 .text.st25r200CheckChipID
                0x08003692       0x4e ./Drivers/BSP/Components/st25r200.o
                0x08003692                st25r200CheckChipID
 .text.__NVIC_EnableIRQ
                0x080036e0       0x34 ./Drivers/BSP/Components/st25r200_com.o
 .text.__NVIC_DisableIRQ
                0x08003714       0x44 ./Drivers/BSP/Components/st25r200_com.o
 .text.st25r200comStart
                0x08003758       0x44 ./Drivers/BSP/Components/st25r200_com.o
 .text.st25r200comStop
                0x0800379c       0x38 ./Drivers/BSP/Components/st25r200_com.o
 .text.st25r200comTx
                0x080037d4       0x3e ./Drivers/BSP/Components/st25r200_com.o
 .text.st25r200comRx
                0x08003812       0x7c ./Drivers/BSP/Components/st25r200_com.o
 .text.st25r200comTxByte
                0x0800388e       0x42 ./Drivers/BSP/Components/st25r200_com.o
 .text.st25r200ReadRegister
                0x080038d0       0x26 ./Drivers/BSP/Components/st25r200_com.o
                0x080038d0                st25r200ReadRegister
 .text.st25r200ReadMultipleRegisters
                0x080038f6       0x54 ./Drivers/BSP/Components/st25r200_com.o
                0x080038f6                st25r200ReadMultipleRegisters
 .text.st25r200WriteRegister
                0x0800394a       0x34 ./Drivers/BSP/Components/st25r200_com.o
                0x0800394a                st25r200WriteRegister
 .text.st25r200WriteMultipleRegisters
                0x0800397e       0x5e ./Drivers/BSP/Components/st25r200_com.o
                0x0800397e                st25r200WriteMultipleRegisters
 .text.st25r200WriteFifo
                0x080039dc       0x36 ./Drivers/BSP/Components/st25r200_com.o
                0x080039dc                st25r200WriteFifo
 .text.st25r200ReadFifo
                0x08003a12       0x3e ./Drivers/BSP/Components/st25r200_com.o
                0x08003a12                st25r200ReadFifo
 .text.st25r200ExecuteCommand
                0x08003a50       0x36 ./Drivers/BSP/Components/st25r200_com.o
                0x08003a50                st25r200ExecuteCommand
 .text.st25r200ReadTestRegister
                0x08003a86       0x4a ./Drivers/BSP/Components/st25r200_com.o
                0x08003a86                st25r200ReadTestRegister
 .text.st25r200WriteTestRegister
                0x08003ad0       0x52 ./Drivers/BSP/Components/st25r200_com.o
                0x08003ad0                st25r200WriteTestRegister
 .text.st25r200WriteMultipleTestRegister
                0x08003b22       0x50 ./Drivers/BSP/Components/st25r200_com.o
                0x08003b22                st25r200WriteMultipleTestRegister
 .text.st25r200ClrRegisterBits
                0x08003b72       0x8a ./Drivers/BSP/Components/st25r200_com.o
                0x08003b72                st25r200ClrRegisterBits
 .text.st25r200SetRegisterBits
                0x08003bfc       0x76 ./Drivers/BSP/Components/st25r200_com.o
                0x08003bfc                st25r200SetRegisterBits
 .text.st25r200ChangeRegisterBits
                0x08003c72       0x42 ./Drivers/BSP/Components/st25r200_com.o
                0x08003c72                st25r200ChangeRegisterBits
 .text.st25r200ModifyRegister
                0x08003cb4       0x9a ./Drivers/BSP/Components/st25r200_com.o
                0x08003cb4                st25r200ModifyRegister
 .text.st25r200ChangeTestRegisterBits
                0x08003d4e       0xa2 ./Drivers/BSP/Components/st25r200_com.o
                0x08003d4e                st25r200ChangeTestRegisterBits
 .text.st25r200CheckReg
                0x08003df0       0x54 ./Drivers/BSP/Components/st25r200_com.o
                0x08003df0                st25r200CheckReg
 .text.st25r200IsRegValid
                0x08003e44       0x22 ./Drivers/BSP/Components/st25r200_com.o
                0x08003e44                st25r200IsRegValid
 *fill*         0x08003e66        0x2 
 .text.st25r200ledInit
                0x08003e68       0x28 ./Drivers/BSP/Components/st25r200_com.o
                0x08003e68                st25r200ledInit
 .text.st25r200ledEvtIrq
                0x08003e90       0x58 ./Drivers/BSP/Components/st25r200_com.o
                0x08003e90                st25r200ledEvtIrq
 .text.st25r200ledEvtWrReg
                0x08003ee8       0x60 ./Drivers/BSP/Components/st25r200_com.o
                0x08003ee8                st25r200ledEvtWrReg
 .text.st25r200ledEvtWrMultiReg
                0x08003f48       0x62 ./Drivers/BSP/Components/st25r200_com.o
                0x08003f48                st25r200ledEvtWrMultiReg
 *fill*         0x08003faa        0x2 
 .text.st25r200ledEvtCmd
                0x08003fac       0x64 ./Drivers/BSP/Components/st25r200_com.o
                0x08003fac                st25r200ledEvtCmd
 .text.__NVIC_EnableIRQ
                0x08004010       0x34 ./Drivers/BSP/Components/st25r200_irq.o
 .text.__NVIC_DisableIRQ
                0x08004044       0x44 ./Drivers/BSP/Components/st25r200_irq.o
 .text.st25r200InitInterrupts
                0x08004088       0x28 ./Drivers/BSP/Components/st25r200_irq.o
                0x08004088                st25r200InitInterrupts
 .text.st25r200Isr
                0x080040b0       0x20 ./Drivers/BSP/Components/st25r200_irq.o
                0x080040b0                st25r200Isr
 .text.st25r200CheckForReceivedInterrupts
                0x080040d0       0xc0 ./Drivers/BSP/Components/st25r200_irq.o
                0x080040d0                st25r200CheckForReceivedInterrupts
 .text.st25r200ModifyInterrupts
                0x08004190       0xa0 ./Drivers/BSP/Components/st25r200_irq.o
                0x08004190                st25r200ModifyInterrupts
 .text.st25r200WaitForInterruptsTimed
                0x08004230       0xb4 ./Drivers/BSP/Components/st25r200_irq.o
                0x08004230                st25r200WaitForInterruptsTimed
 .text.st25r200GetInterrupt
                0x080042e4       0x78 ./Drivers/BSP/Components/st25r200_irq.o
                0x080042e4                st25r200GetInterrupt
 .text.st25r200ClearAndEnableInterrupts
                0x0800435c       0x20 ./Drivers/BSP/Components/st25r200_irq.o
                0x0800435c                st25r200ClearAndEnableInterrupts
 .text.st25r200EnableInterrupts
                0x0800437c       0x1a ./Drivers/BSP/Components/st25r200_irq.o
                0x0800437c                st25r200EnableInterrupts
 .text.st25r200DisableInterrupts
                0x08004396       0x1a ./Drivers/BSP/Components/st25r200_irq.o
                0x08004396                st25r200DisableInterrupts
 .text.st25r200ClearInterrupts
                0x080043b0       0x68 ./Drivers/BSP/Components/st25r200_irq.o
                0x080043b0                st25r200ClearInterrupts
 .text.timerCalculateTimer
                0x08004418       0x20 ./Drivers/BSP/Components/timer.o
                0x08004418                timerCalculateTimer
 .text.timerIsExpired
                0x08004438       0x2e ./Drivers/BSP/Components/timer.o
                0x08004438                timerIsExpired
 *fill*         0x08004466        0x2 
 .text.HAL_Init
                0x08004468       0x40 ./Drivers/STM32G0xx_HAL_Driver/stm32g0xx_hal.o
                0x08004468                HAL_Init
 .text.HAL_InitTick
                0x080044a8       0x94 ./Drivers/STM32G0xx_HAL_Driver/stm32g0xx_hal.o
                0x080044a8                HAL_InitTick
 .text.HAL_IncTick
                0x0800453c       0x24 ./Drivers/STM32G0xx_HAL_Driver/stm32g0xx_hal.o
                0x0800453c                HAL_IncTick
 .text.HAL_GetTick
                0x08004560       0x14 ./Drivers/STM32G0xx_HAL_Driver/stm32g0xx_hal.o
                0x08004560                HAL_GetTick
 .text.HAL_Delay
                0x08004574       0x48 ./Drivers/STM32G0xx_HAL_Driver/stm32g0xx_hal.o
                0x08004574                HAL_Delay
 .text.HAL_SYSCFG_StrobeDBattpinsConfig
                0x080045bc       0x2c ./Drivers/STM32G0xx_HAL_Driver/stm32g0xx_hal.o
                0x080045bc                HAL_SYSCFG_StrobeDBattpinsConfig
 .text.__NVIC_EnableIRQ
                0x080045e8       0x34 ./Drivers/STM32G0xx_HAL_Driver/stm32g0xx_hal_cortex.o
 .text.__NVIC_SetPriority
                0x0800461c       0xdc ./Drivers/STM32G0xx_HAL_Driver/stm32g0xx_hal_cortex.o
 .text.SysTick_Config
                0x080046f8       0x48 ./Drivers/STM32G0xx_HAL_Driver/stm32g0xx_hal_cortex.o
 .text.HAL_NVIC_SetPriority
                0x08004740       0x2a ./Drivers/STM32G0xx_HAL_Driver/stm32g0xx_hal_cortex.o
                0x08004740                HAL_NVIC_SetPriority
 .text.HAL_NVIC_EnableIRQ
                0x0800476a       0x20 ./Drivers/STM32G0xx_HAL_Driver/stm32g0xx_hal_cortex.o
                0x0800476a                HAL_NVIC_EnableIRQ
 .text.HAL_SYSTICK_Config
                0x0800478a       0x1a ./Drivers/STM32G0xx_HAL_Driver/stm32g0xx_hal_cortex.o
                0x0800478a                HAL_SYSTICK_Config
 .text.HAL_DMA_Abort
                0x080047a4       0xc0 ./Drivers/STM32G0xx_HAL_Driver/stm32g0xx_hal_dma.o
                0x080047a4                HAL_DMA_Abort
 .text.HAL_DMA_Abort_IT
                0x08004864       0xd0 ./Drivers/STM32G0xx_HAL_Driver/stm32g0xx_hal_dma.o
                0x08004864                HAL_DMA_Abort_IT
 .text.HAL_EXTI_RegisterCallback
                0x08004934       0x64 ./Drivers/STM32G0xx_HAL_Driver/stm32g0xx_hal_exti.o
                0x08004934                HAL_EXTI_RegisterCallback
 .text.HAL_EXTI_GetHandle
                0x08004998       0x24 ./Drivers/STM32G0xx_HAL_Driver/stm32g0xx_hal_exti.o
                0x08004998                HAL_EXTI_GetHandle
 .text.HAL_EXTI_IRQHandler
                0x080049bc       0x94 ./Drivers/STM32G0xx_HAL_Driver/stm32g0xx_hal_exti.o
                0x080049bc                HAL_EXTI_IRQHandler
 .text.HAL_GPIO_Init
                0x08004a50      0x2d8 ./Drivers/STM32G0xx_HAL_Driver/stm32g0xx_hal_gpio.o
                0x08004a50                HAL_GPIO_Init
 .text.HAL_GPIO_ReadPin
                0x08004d28       0x3a ./Drivers/STM32G0xx_HAL_Driver/stm32g0xx_hal_gpio.o
                0x08004d28                HAL_GPIO_ReadPin
 .text.HAL_GPIO_WritePin
                0x08004d62       0x3a ./Drivers/STM32G0xx_HAL_Driver/stm32g0xx_hal_gpio.o
                0x08004d62                HAL_GPIO_WritePin
 .text.HAL_PWREx_ControlVoltageScaling
                0x08004d9c       0x80 ./Drivers/STM32G0xx_HAL_Driver/stm32g0xx_hal_pwr_ex.o
                0x08004d9c                HAL_PWREx_ControlVoltageScaling
 .text.LL_RCC_GetAPB1Prescaler
                0x08004e1c       0x18 ./Drivers/STM32G0xx_HAL_Driver/stm32g0xx_hal_rcc.o
 .text.HAL_RCC_OscConfig
                0x08004e34      0x6c0 ./Drivers/STM32G0xx_HAL_Driver/stm32g0xx_hal_rcc.o
                0x08004e34                HAL_RCC_OscConfig
 .text.HAL_RCC_ClockConfig
                0x080054f4      0x210 ./Drivers/STM32G0xx_HAL_Driver/stm32g0xx_hal_rcc.o
                0x080054f4                HAL_RCC_ClockConfig
 .text.HAL_RCC_GetSysClockFreq
                0x08005704      0x104 ./Drivers/STM32G0xx_HAL_Driver/stm32g0xx_hal_rcc.o
                0x08005704                HAL_RCC_GetSysClockFreq
 .text.HAL_RCC_GetHCLKFreq
                0x08005808       0x14 ./Drivers/STM32G0xx_HAL_Driver/stm32g0xx_hal_rcc.o
                0x08005808                HAL_RCC_GetHCLKFreq
 .text.HAL_RCC_GetPCLK1Freq
                0x0800581c       0x2c ./Drivers/STM32G0xx_HAL_Driver/stm32g0xx_hal_rcc.o
                0x0800581c                HAL_RCC_GetPCLK1Freq
 .text.HAL_RCCEx_PeriphCLKConfig
                0x08005848      0x478 ./Drivers/STM32G0xx_HAL_Driver/stm32g0xx_hal_rcc_ex.o
                0x08005848                HAL_RCCEx_PeriphCLKConfig
 .text.HAL_SPI_Init
                0x08005cc0      0x170 ./Drivers/STM32G0xx_HAL_Driver/stm32g0xx_hal_spi.o
                0x08005cc0                HAL_SPI_Init
 .text.HAL_SPI_MspInit
                0x08005e30       0x10 ./Drivers/STM32G0xx_HAL_Driver/stm32g0xx_hal_spi.o
                0x08005e30                HAL_SPI_MspInit
 .text.HAL_SPI_Transmit
                0x08005e40      0x2be ./Drivers/STM32G0xx_HAL_Driver/stm32g0xx_hal_spi.o
                0x08005e40                HAL_SPI_Transmit
 *fill*         0x080060fe        0x2 
 .text.HAL_SPI_Receive
                0x08006100      0x2a4 ./Drivers/STM32G0xx_HAL_Driver/stm32g0xx_hal_spi.o
                0x08006100                HAL_SPI_Receive
 .text.HAL_SPI_TransmitReceive
                0x080063a4      0x3c4 ./Drivers/STM32G0xx_HAL_Driver/stm32g0xx_hal_spi.o
                0x080063a4                HAL_SPI_TransmitReceive
 .text.HAL_SPI_GetState
                0x08006768       0x18 ./Drivers/STM32G0xx_HAL_Driver/stm32g0xx_hal_spi.o
                0x08006768                HAL_SPI_GetState
 .text.SPI_WaitFlagStateUntilTimeout
                0x08006780      0x11c ./Drivers/STM32G0xx_HAL_Driver/stm32g0xx_hal_spi.o
 .text.SPI_WaitFifoStateUntilTimeout
                0x0800689c      0x144 ./Drivers/STM32G0xx_HAL_Driver/stm32g0xx_hal_spi.o
 .text.SPI_EndRxTransaction
                0x080069e0       0xbc ./Drivers/STM32G0xx_HAL_Driver/stm32g0xx_hal_spi.o
 .text.SPI_EndRxTxTransaction
                0x08006a9c       0x8c ./Drivers/STM32G0xx_HAL_Driver/stm32g0xx_hal_spi.o
 .text.HAL_UART_Init
                0x08006b28       0xac ./Drivers/STM32G0xx_HAL_Driver/stm32g0xx_hal_uart.o
                0x08006b28                HAL_UART_Init
 .text.HAL_UART_MspInit
                0x08006bd4       0x10 ./Drivers/STM32G0xx_HAL_Driver/stm32g0xx_hal_uart.o
                0x08006bd4                HAL_UART_MspInit
 .text.HAL_UART_Transmit
                0x08006be4      0x148 ./Drivers/STM32G0xx_HAL_Driver/stm32g0xx_hal_uart.o
                0x08006be4                HAL_UART_Transmit
 .text.HAL_UART_IRQHandler
                0x08006d2c      0x64c ./Drivers/STM32G0xx_HAL_Driver/stm32g0xx_hal_uart.o
                0x08006d2c                HAL_UART_IRQHandler
 .text.HAL_UART_TxCpltCallback
                0x08007378       0x10 ./Drivers/STM32G0xx_HAL_Driver/stm32g0xx_hal_uart.o
                0x08007378                HAL_UART_TxCpltCallback
 .text.HAL_UART_ErrorCallback
                0x08007388       0x10 ./Drivers/STM32G0xx_HAL_Driver/stm32g0xx_hal_uart.o
                0x08007388                HAL_UART_ErrorCallback
 .text.HAL_UARTEx_RxEventCallback
                0x08007398       0x16 ./Drivers/STM32G0xx_HAL_Driver/stm32g0xx_hal_uart.o
                0x08007398                HAL_UARTEx_RxEventCallback
 *fill*         0x080073ae        0x2 
 .text.UART_SetConfig
                0x080073b0      0x6ac ./Drivers/STM32G0xx_HAL_Driver/stm32g0xx_hal_uart.o
                0x080073b0                UART_SetConfig
 .text.UART_AdvFeatureConfig
                0x08007a5c      0x168 ./Drivers/STM32G0xx_HAL_Driver/stm32g0xx_hal_uart.o
                0x08007a5c                UART_AdvFeatureConfig
 .text.UART_CheckIdleState
                0x08007bc4      0x154 ./Drivers/STM32G0xx_HAL_Driver/stm32g0xx_hal_uart.o
                0x08007bc4                UART_CheckIdleState
 .text.UART_WaitOnFlagUntilTimeout
                0x08007d18       0xde ./Drivers/STM32G0xx_HAL_Driver/stm32g0xx_hal_uart.o
                0x08007d18                UART_WaitOnFlagUntilTimeout
 *fill*         0x08007df6        0x2 
 .text.UART_EndRxTransfer
                0x08007df8       0xcc ./Drivers/STM32G0xx_HAL_Driver/stm32g0xx_hal_uart.o
 .text.UART_DMAAbortOnError
                0x08007ec4       0x2e ./Drivers/STM32G0xx_HAL_Driver/stm32g0xx_hal_uart.o
 .text.UART_EndTransmit_IT
                0x08007ef2       0x58 ./Drivers/STM32G0xx_HAL_Driver/stm32g0xx_hal_uart.o
 .text.HAL_UARTEx_WakeupCallback
                0x08007f4a       0x10 ./Drivers/STM32G0xx_HAL_Driver/stm32g0xx_hal_uart_ex.o
                0x08007f4a                HAL_UARTEx_WakeupCallback
 .text.HAL_UARTEx_RxFifoFullCallback
                0x08007f5a       0x10 ./Drivers/STM32G0xx_HAL_Driver/stm32g0xx_hal_uart_ex.o
                0x08007f5a                HAL_UARTEx_RxFifoFullCallback
 .text.HAL_UARTEx_TxFifoEmptyCallback
                0x08007f6a       0x10 ./Drivers/STM32G0xx_HAL_Driver/stm32g0xx_hal_uart_ex.o
                0x08007f6a                HAL_UARTEx_TxFifoEmptyCallback
 *fill*         0x08007f7a        0x2 
 .text.HAL_UARTEx_DisableFifoMode
                0x08007f7c       0x74 ./Drivers/STM32G0xx_HAL_Driver/stm32g0xx_hal_uart_ex.o
                0x08007f7c                HAL_UARTEx_DisableFifoMode
 .text.HAL_UARTEx_SetTxFifoThreshold
                0x08007ff0       0x7e ./Drivers/STM32G0xx_HAL_Driver/stm32g0xx_hal_uart_ex.o
                0x08007ff0                HAL_UARTEx_SetTxFifoThreshold
 *fill*         0x0800806e        0x2 
 .text.HAL_UARTEx_SetRxFifoThreshold
                0x08008070       0x84 ./Drivers/STM32G0xx_HAL_Driver/stm32g0xx_hal_uart_ex.o
                0x08008070                HAL_UARTEx_SetRxFifoThreshold
 .text.UARTEx_SetNbDataToProcess
                0x080080f4       0xbc ./Drivers/STM32G0xx_HAL_Driver/stm32g0xx_hal_uart_ex.o
 .text.rfalAnalogConfigInitialize
                0x080081b0       0x24 ./Middlewares/X-CUBE-NFC9/Wireless/RFAL/Default_Config/rfal_analogConfig.o
                0x080081b0                rfalAnalogConfigInitialize
 .text.rfalAnalogConfigIsReady
                0x080081d4       0x14 ./Middlewares/X-CUBE-NFC9/Wireless/RFAL/Default_Config/rfal_analogConfig.o
                0x080081d4                rfalAnalogConfigIsReady
 .text.rfalSetAnalogConfig
                0x080081e8      0x1ac ./Middlewares/X-CUBE-NFC9/Wireless/RFAL/Default_Config/rfal_analogConfig.o
                0x080081e8                rfalSetAnalogConfig
 .text.rfalAnalogConfigSearch
                0x08008394      0x114 ./Middlewares/X-CUBE-NFC9/Wireless/RFAL/Default_Config/rfal_analogConfig.o
 .text.rfalIsoDepClearCounters
                0x080084a8       0x2c ./Middlewares/X-CUBE-NFC9/Wireless/RFAL/Default_Config/rfal_isoDep.o
 .text.rfalIsoDepTx
                0x080084d4      0x194 ./Middlewares/X-CUBE-NFC9/Wireless/RFAL/Default_Config/rfal_isoDep.o
 .text.rfalIsoDepHandleControlMsg
                0x08008668      0x1c0 ./Middlewares/X-CUBE-NFC9/Wireless/RFAL/Default_Config/rfal_isoDep.o
 .text.rfalIsoDepInitialize
                0x08008828       0xf4 ./Middlewares/X-CUBE-NFC9/Wireless/RFAL/Default_Config/rfal_isoDep.o
                0x08008828                rfalIsoDepInitialize
 .text.rfalIsoDepInitializeWithParams
                0x0800891c       0x84 ./Middlewares/X-CUBE-NFC9/Wireless/RFAL/Default_Config/rfal_isoDep.o
                0x0800891c                rfalIsoDepInitializeWithParams
 .text.rfalIsoDepDataExchangePCD
                0x080089a0      0x550 ./Middlewares/X-CUBE-NFC9/Wireless/RFAL/Default_Config/rfal_isoDep.o
 .text.rfalIsoDepStartDeselect
                0x08008ef0       0x44 ./Middlewares/X-CUBE-NFC9/Wireless/RFAL/Default_Config/rfal_isoDep.o
                0x08008ef0                rfalIsoDepStartDeselect
 .text.rfalIsoDepGetDeselectStatus
                0x08008f34       0x3c ./Middlewares/X-CUBE-NFC9/Wireless/RFAL/Default_Config/rfal_isoDep.o
                0x08008f34                rfalIsoDepGetDeselectStatus
 .text.rfalIsoDepFWI2FWT
                0x08008f70       0x50 ./Middlewares/X-CUBE-NFC9/Wireless/RFAL/Default_Config/rfal_isoDep.o
                0x08008f70                rfalIsoDepFWI2FWT
 .text.rfalIsoDepFSxI2FSx
                0x08008fc0       0xfc ./Middlewares/X-CUBE-NFC9/Wireless/RFAL/Default_Config/rfal_isoDep.o
                0x08008fc0                rfalIsoDepFSxI2FSx
 .text.rfalIsoDepGetMaxInfLen
                0x080090bc       0x54 ./Middlewares/X-CUBE-NFC9/Wireless/RFAL/Default_Config/rfal_isoDep.o
                0x080090bc                rfalIsoDepGetMaxInfLen
 .text.rfalIsoDepStartTransceive
                0x08009110       0xfc ./Middlewares/X-CUBE-NFC9/Wireless/RFAL/Default_Config/rfal_isoDep.o
                0x08009110                rfalIsoDepStartTransceive
 .text.rfalIsoDepGetTransceiveStatus
                0x0800920c       0x2c ./Middlewares/X-CUBE-NFC9/Wireless/RFAL/Default_Config/rfal_isoDep.o
                0x0800920c                rfalIsoDepGetTransceiveStatus
 .text.rfalIsoDepStartRATS
                0x08009238       0xb0 ./Middlewares/X-CUBE-NFC9/Wireless/RFAL/Default_Config/rfal_isoDep.o
 .text.rfalIsoDepGetRATSStatus
                0x080092e8       0x88 ./Middlewares/X-CUBE-NFC9/Wireless/RFAL/Default_Config/rfal_isoDep.o
 .text.rfalIsoDepStartPPS
                0x08009370       0xe0 ./Middlewares/X-CUBE-NFC9/Wireless/RFAL/Default_Config/rfal_isoDep.o
 .text.rfalIsoDepGetPPSSTatus
                0x08009450       0x54 ./Middlewares/X-CUBE-NFC9/Wireless/RFAL/Default_Config/rfal_isoDep.o
 .text.rfalIsoDepStartATTRIB
                0x080094a4      0x178 ./Middlewares/X-CUBE-NFC9/Wireless/RFAL/Default_Config/rfal_isoDep.o
 .text.rfalIsoDepGetATTRIBStatus
                0x0800961c       0x70 ./Middlewares/X-CUBE-NFC9/Wireless/RFAL/Default_Config/rfal_isoDep.o
 .text.rfalIsoDepPollAStartActivation
                0x0800968c       0x90 ./Middlewares/X-CUBE-NFC9/Wireless/RFAL/Default_Config/rfal_isoDep.o
                0x0800968c                rfalIsoDepPollAStartActivation
 .text.rfalIsoDepPollAGetActivationStatus
                0x0800971c      0x3e0 ./Middlewares/X-CUBE-NFC9/Wireless/RFAL/Default_Config/rfal_isoDep.o
                0x0800971c                rfalIsoDepPollAGetActivationStatus
 .text.rfalIsoDepPollBStartActivation
                0x08009afc      0x208 ./Middlewares/X-CUBE-NFC9/Wireless/RFAL/Default_Config/rfal_isoDep.o
                0x08009afc                rfalIsoDepPollBStartActivation
 .text.rfalIsoDepPollBGetActivationStatus
                0x08009d04       0xdc ./Middlewares/X-CUBE-NFC9/Wireless/RFAL/Default_Config/rfal_isoDep.o
                0x08009d04                rfalIsoDepPollBGetActivationStatus
 .text.rfalIsoDepCalcBitRate
                0x08009de0      0x1e4 ./Middlewares/X-CUBE-NFC9/Wireless/RFAL/Default_Config/rfal_isoDep.o
 .text.rfalIsoDepSFGI2SFGT
                0x08009fc4       0x64 ./Middlewares/X-CUBE-NFC9/Wireless/RFAL/Default_Config/rfal_isoDep.o
 .text.rfalIsoDepApdu2IBLockParam
                0x0800a028       0xb8 ./Middlewares/X-CUBE-NFC9/Wireless/RFAL/Default_Config/rfal_isoDep.o
 .text.rfalIsoDepGetApduTransceiveStatus
                0x0800a0e0      0x194 ./Middlewares/X-CUBE-NFC9/Wireless/RFAL/Default_Config/rfal_isoDep.o
                0x0800a0e0                rfalIsoDepGetApduTransceiveStatus
 .text.rfalNfcInitialize
                0x0800a274       0x5c ./Middlewares/X-CUBE-NFC9/Wireless/RFAL/Default_Config/rfal_nfc.o
                0x0800a274                rfalNfcInitialize
 .text.rfalNfcDiscover
                0x0800a2d0      0x20c ./Middlewares/X-CUBE-NFC9/Wireless/RFAL/Default_Config/rfal_nfc.o
                0x0800a2d0                rfalNfcDiscover
 .text.rfalNfcDeactivate
                0x0800a4dc       0xb4 ./Middlewares/X-CUBE-NFC9/Wireless/RFAL/Default_Config/rfal_nfc.o
                0x0800a4dc                rfalNfcDeactivate
 .text.rfalNfcGetState
                0x0800a590       0x14 ./Middlewares/X-CUBE-NFC9/Wireless/RFAL/Default_Config/rfal_nfc.o
                0x0800a590                rfalNfcGetState
 .text.rfalNfcGetActiveDevice
                0x0800a5a4       0x4c ./Middlewares/X-CUBE-NFC9/Wireless/RFAL/Default_Config/rfal_nfc.o
                0x0800a5a4                rfalNfcGetActiveDevice
 .text.rfalNfcWorker
                0x0800a5f0      0x3bc ./Middlewares/X-CUBE-NFC9/Wireless/RFAL/Default_Config/rfal_nfc.o
                0x0800a5f0                rfalNfcWorker
 .text.rfalNfcDataExchangeGetStatus
                0x0800a9ac       0xc0 ./Middlewares/X-CUBE-NFC9/Wireless/RFAL/Default_Config/rfal_nfc.o
                0x0800a9ac                rfalNfcDataExchangeGetStatus
 .text.rfalNfcPollTechDetection
                0x0800aa6c      0x49c ./Middlewares/X-CUBE-NFC9/Wireless/RFAL/Default_Config/rfal_nfc.o
 .text.rfalNfcPollCollResolution
                0x0800af08      0x7a4 ./Middlewares/X-CUBE-NFC9/Wireless/RFAL/Default_Config/rfal_nfc.o
 .text.rfalNfcPollActivation
                0x0800b6ac      0x7e8 ./Middlewares/X-CUBE-NFC9/Wireless/RFAL/Default_Config/rfal_nfc.o
 .text.rfalNfcDeactivation
                0x0800be94      0x1b8 ./Middlewares/X-CUBE-NFC9/Wireless/RFAL/Default_Config/rfal_nfc.o
 .text.rfalNfcaCalculateBcc
                0x0800c04c       0x5e ./Middlewares/X-CUBE-NFC9/Wireless/RFAL/Default_Config/rfal_nfca.o
 *fill*         0x0800c0aa        0x2 
 .text.rfalNfcaPollerStartSingleCollisionResolution
                0x0800c0ac       0xa8 ./Middlewares/X-CUBE-NFC9/Wireless/RFAL/Default_Config/rfal_nfca.o
 .text.rfalNfcaPollerGetSingleCollisionResolutionStatus
                0x0800c154      0x51c ./Middlewares/X-CUBE-NFC9/Wireless/RFAL/Default_Config/rfal_nfca.o
 .text.rfalNfcaPollerInitialize
                0x0800c670       0x58 ./Middlewares/X-CUBE-NFC9/Wireless/RFAL/Default_Config/rfal_nfca.o
                0x0800c670                rfalNfcaPollerInitialize
 .text.rfalNfcaPollerCheckPresence
                0x0800c6c8       0x78 ./Middlewares/X-CUBE-NFC9/Wireless/RFAL/Default_Config/rfal_nfca.o
                0x0800c6c8                rfalNfcaPollerCheckPresence
 .text.rfalNfcaPollerStartTechnologyDetection
                0x0800c740       0x70 ./Middlewares/X-CUBE-NFC9/Wireless/RFAL/Default_Config/rfal_nfca.o
                0x0800c740                rfalNfcaPollerStartTechnologyDetection
 .text.rfalNfcaPollerGetTechnologyDetectionStatus
                0x0800c7b0       0x40 ./Middlewares/X-CUBE-NFC9/Wireless/RFAL/Default_Config/rfal_nfca.o
                0x0800c7b0                rfalNfcaPollerGetTechnologyDetectionStatus
 .text.rfalNfcaPollerStartFullCollisionResolution
                0x0800c7f0      0x1f0 ./Middlewares/X-CUBE-NFC9/Wireless/RFAL/Default_Config/rfal_nfca.o
                0x0800c7f0                rfalNfcaPollerStartFullCollisionResolution
 .text.rfalNfcaPollerGetFullCollisionResolutionStatus
                0x0800c9e0      0x204 ./Middlewares/X-CUBE-NFC9/Wireless/RFAL/Default_Config/rfal_nfca.o
                0x0800c9e0                rfalNfcaPollerGetFullCollisionResolutionStatus
 .text.rfalNfcaPollerStartSelect
                0x0800cbe4       0x74 ./Middlewares/X-CUBE-NFC9/Wireless/RFAL/Default_Config/rfal_nfca.o
                0x0800cbe4                rfalNfcaPollerStartSelect
 .text.rfalNfcaPollerGetSelectStatus
                0x0800cc58      0x15c ./Middlewares/X-CUBE-NFC9/Wireless/RFAL/Default_Config/rfal_nfca.o
                0x0800cc58                rfalNfcaPollerGetSelectStatus
 .text.rfalNfcaPollerStartSleep
                0x0800cdb4       0x60 ./Middlewares/X-CUBE-NFC9/Wireless/RFAL/Default_Config/rfal_nfca.o
                0x0800cdb4                rfalNfcaPollerStartSleep
 .text.rfalNfcaPollerGetSleepStatus
                0x0800ce14       0x28 ./Middlewares/X-CUBE-NFC9/Wireless/RFAL/Default_Config/rfal_nfca.o
                0x0800ce14                rfalNfcaPollerGetSleepStatus
 .text.rfalNfcbCheckSensbRes
                0x0800ce3c       0x44 ./Middlewares/X-CUBE-NFC9/Wireless/RFAL/Default_Config/rfal_nfcb.o
 .text.rfalNfcbPollerSleepTx
                0x0800ce80       0x68 ./Middlewares/X-CUBE-NFC9/Wireless/RFAL/Default_Config/rfal_nfcb.o
 .text.rfalNfcbPollerInitialize
                0x0800cee8       0x68 ./Middlewares/X-CUBE-NFC9/Wireless/RFAL/Default_Config/rfal_nfcb.o
                0x0800cee8                rfalNfcbPollerInitialize
 .text.rfalNfcbPollerStartCheckPresence
                0x0800cf50       0xc0 ./Middlewares/X-CUBE-NFC9/Wireless/RFAL/Default_Config/rfal_nfcb.o
                0x0800cf50                rfalNfcbPollerStartCheckPresence
 .text.rfalNfcbPollerGetCheckPresenceStatus
                0x0800d010       0x78 ./Middlewares/X-CUBE-NFC9/Wireless/RFAL/Default_Config/rfal_nfcb.o
                0x0800d010                rfalNfcbPollerGetCheckPresenceStatus
 .text.rfalNfcbPollerSleep
                0x0800d088       0x84 ./Middlewares/X-CUBE-NFC9/Wireless/RFAL/Default_Config/rfal_nfcb.o
                0x0800d088                rfalNfcbPollerSleep
 .text.rfalNfcbPollerStartSlotMarker
                0x0800d10c       0x88 ./Middlewares/X-CUBE-NFC9/Wireless/RFAL/Default_Config/rfal_nfcb.o
                0x0800d10c                rfalNfcbPollerStartSlotMarker
 .text.rfalNfcbPollerGetSlotMarkerStatus
                0x0800d194       0x70 ./Middlewares/X-CUBE-NFC9/Wireless/RFAL/Default_Config/rfal_nfcb.o
                0x0800d194                rfalNfcbPollerGetSlotMarkerStatus
 .text.rfalNfcbPollerStartTechnologyDetection
                0x0800d204       0x34 ./Middlewares/X-CUBE-NFC9/Wireless/RFAL/Default_Config/rfal_nfcb.o
                0x0800d204                rfalNfcbPollerStartTechnologyDetection
 .text.rfalNfcbPollerGetTechnologyDetectionStatus
                0x0800d238       0x10 ./Middlewares/X-CUBE-NFC9/Wireless/RFAL/Default_Config/rfal_nfcb.o
                0x0800d238                rfalNfcbPollerGetTechnologyDetectionStatus
 .text.rfalNfcbPollerStartCollisionResolution
                0x0800d248       0x44 ./Middlewares/X-CUBE-NFC9/Wireless/RFAL/Default_Config/rfal_nfcb.o
                0x0800d248                rfalNfcbPollerStartCollisionResolution
 .text.rfalNfcbPollerStartSlottedCollisionResolution
                0x0800d28c       0xcc ./Middlewares/X-CUBE-NFC9/Wireless/RFAL/Default_Config/rfal_nfcb.o
                0x0800d28c                rfalNfcbPollerStartSlottedCollisionResolution
 .text.rfalNfcbPollerGetCollisionResolutionStatus
                0x0800d358      0x3d4 ./Middlewares/X-CUBE-NFC9/Wireless/RFAL/Default_Config/rfal_nfcb.o
                0x0800d358                rfalNfcbPollerGetCollisionResolutionStatus
 .text.rfalNfcbTR2ToFDT
                0x0800d72c       0x30 ./Middlewares/X-CUBE-NFC9/Wireless/RFAL/Default_Config/rfal_nfcb.o
                0x0800d72c                rfalNfcbTR2ToFDT
 .text.rfalNfcvPollerInitialize
                0x0800d75c       0x58 ./Middlewares/X-CUBE-NFC9/Wireless/RFAL/Default_Config/rfal_nfcv.o
                0x0800d75c                rfalNfcvPollerInitialize
 .text.rfalNfcvPollerCheckPresence
                0x0800d7b4       0x56 ./Middlewares/X-CUBE-NFC9/Wireless/RFAL/Default_Config/rfal_nfcv.o
                0x0800d7b4                rfalNfcvPollerCheckPresence
 .text.rfalNfcvPollerInventory
                0x0800d80a      0x110 ./Middlewares/X-CUBE-NFC9/Wireless/RFAL/Default_Config/rfal_nfcv.o
                0x0800d80a                rfalNfcvPollerInventory
 .text.rfalNfcvPollerCollisionResolution
                0x0800d91a      0x3b8 ./Middlewares/X-CUBE-NFC9/Wireless/RFAL/Default_Config/rfal_nfcv.o
                0x0800d91a                rfalNfcvPollerCollisionResolution
 .text.rfalSt25tbPollerDoCollisionResolution
                0x0800dcd2      0x166 ./Middlewares/X-CUBE-NFC9/Wireless/RFAL/Default_Config/rfal_st25tb.o
 .text.rfalSt25tbPollerInitialize
                0x0800de38       0x10 ./Middlewares/X-CUBE-NFC9/Wireless/RFAL/Default_Config/rfal_st25tb.o
                0x0800de38                rfalSt25tbPollerInitialize
 .text.rfalSt25tbPollerCheckPresence
                0x0800de48       0x52 ./Middlewares/X-CUBE-NFC9/Wireless/RFAL/Default_Config/rfal_st25tb.o
                0x0800de48                rfalSt25tbPollerCheckPresence
 *fill*         0x0800de9a        0x2 
 .text.rfalSt25tbPollerInitiate
                0x0800de9c       0x70 ./Middlewares/X-CUBE-NFC9/Wireless/RFAL/Default_Config/rfal_st25tb.o
                0x0800de9c                rfalSt25tbPollerInitiate
 .text.rfalSt25tbPollerPcall
                0x0800df0c       0x60 ./Middlewares/X-CUBE-NFC9/Wireless/RFAL/Default_Config/rfal_st25tb.o
                0x0800df0c                rfalSt25tbPollerPcall
 .text.rfalSt25tbPollerSlotMarker
                0x0800df6c       0x80 ./Middlewares/X-CUBE-NFC9/Wireless/RFAL/Default_Config/rfal_st25tb.o
                0x0800df6c                rfalSt25tbPollerSlotMarker
 .text.rfalSt25tbPollerSelect
                0x0800dfec       0x74 ./Middlewares/X-CUBE-NFC9/Wireless/RFAL/Default_Config/rfal_st25tb.o
                0x0800dfec                rfalSt25tbPollerSelect
 .text.rfalSt25tbPollerGetUID
                0x0800e060       0x58 ./Middlewares/X-CUBE-NFC9/Wireless/RFAL/Default_Config/rfal_st25tb.o
                0x0800e060                rfalSt25tbPollerGetUID
 .text.rfalSt25tbPollerCollisionResolution
                0x0800e0b8      0x116 ./Middlewares/X-CUBE-NFC9/Wireless/RFAL/Default_Config/rfal_st25tb.o
                0x0800e0b8                rfalSt25tbPollerCollisionResolution
 *fill*         0x0800e1ce        0x2 
 .text.rfalT1TPollerInitialize
                0x0800e1d0       0x50 ./Middlewares/X-CUBE-NFC9/Wireless/RFAL/Default_Config/rfal_t1t.o
                0x0800e1d0                rfalT1TPollerInitialize
 .text.rfalT1TPollerRid
                0x0800e220       0x84 ./Middlewares/X-CUBE-NFC9/Wireless/RFAL/Default_Config/rfal_t1t.o
                0x0800e220                rfalT1TPollerRid
 .text.MX_X_CUBE_NFC9_Init
                0x0800e2a4        0xe ./X-CUBE-NFC9/App/app_x-cube-nfcx.o
                0x0800e2a4                MX_X_CUBE_NFC9_Init
 .text.MX_X_CUBE_NFC9_Process
                0x0800e2b2        0xe ./X-CUBE-NFC9/App/app_x-cube-nfcx.o
                0x0800e2b2                MX_X_CUBE_NFC9_Process
 .text.MX_NFC9_PollingDemo_Init
                0x0800e2c0       0x64 ./X-CUBE-NFC9/App/app_x-cube-nfcx.o
                0x0800e2c0                MX_NFC9_PollingDemo_Init
 .text.BSP_NFC0XCOMM_SendRecv
                0x0800e324       0xbc ./X-CUBE-NFC9/App/app_x-cube-nfcx.o
                0x0800e324                BSP_NFC0XCOMM_SendRecv
 .text.BSP_SPI1_IRQ_Callback
                0x0800e3e0        0xe ./X-CUBE-NFC9/App/app_x-cube-nfcx.o
                0x0800e3e0                BSP_SPI1_IRQ_Callback
 .text.demoNotif
                0x0800e3ee       0x14 ./X-CUBE-NFC9/Target/demo_polling.o
 *fill*         0x0800e402        0x2 
 .text.demoIni  0x0800e404      0x120 ./X-CUBE-NFC9/Target/demo_polling.o
                0x0800e404                demoIni
 .text.demoCycle
                0x0800e524       0x8c ./X-CUBE-NFC9/Target/demo_polling.o
                0x0800e524                demoCycle
 .text.logUsartInit
                0x0800e5b0       0x1c ./X-CUBE-NFC9/Target/logger.o
                0x0800e5b0                logUsartInit
 .text.logUsartTx
                0x0800e5cc       0x3c ./X-CUBE-NFC9/Target/logger.o
                0x0800e5cc                logUsartTx
 .text.logUsart
                0x0800e608       0x5e ./X-CUBE-NFC9/Target/logger.o
                0x0800e608                logUsart
 *fill*         0x0800e666        0x2 
 .text.hex2Str  0x0800e668       0xc0 ./X-CUBE-NFC9/Target/logger.o
                0x0800e668                hex2Str
 .text._Error_Handler
                0x0800e728        0xe ./X-CUBE-NFC9/Target/nfc_conf.o
                0x0800e728                _Error_Handler
 .text._vsnprintf_r
                0x0800e736       0x5a /Applications/STM32CubeIDE.app/Contents/Eclipse/plugins/com.st.stm32cube.ide.mcu.externaltools.gnu-tools-for-stm32.13.3.rel1.macos64_1.0.0.202411102158/tools/bin/../lib/gcc/arm-none-eabi/13.3.1/../../../../arm-none-eabi/lib/thumb/v6-m/nofp/libc_nano.a(libc_a-vsnprintf.o)
                0x0800e736                _vsnprintf_r
                0x0800e736                _vsniprintf_r
 .text.vsnprintf
                0x0800e790       0x18 /Applications/STM32CubeIDE.app/Contents/Eclipse/plugins/com.st.stm32cube.ide.mcu.externaltools.gnu-tools-for-stm32.13.3.rel1.macos64_1.0.0.202411102158/tools/bin/../lib/gcc/arm-none-eabi/13.3.1/../../../../arm-none-eabi/lib/thumb/v6-m/nofp/libc_nano.a(libc_a-vsnprintf.o)
                0x0800e790                vsnprintf
                0x0800e790                vsniprintf
 .text.memmove  0x0800e7a8       0x24 /Applications/STM32CubeIDE.app/Contents/Eclipse/plugins/com.st.stm32cube.ide.mcu.externaltools.gnu-tools-for-stm32.13.3.rel1.macos64_1.0.0.202411102158/tools/bin/../lib/gcc/arm-none-eabi/13.3.1/../../../../arm-none-eabi/lib/thumb/v6-m/nofp/libc_nano.a(libc_a-memmove.o)
                0x0800e7a8                memmove
 .text.memset   0x0800e7cc       0x10 /Applications/STM32CubeIDE.app/Contents/Eclipse/plugins/com.st.stm32cube.ide.mcu.externaltools.gnu-tools-for-stm32.13.3.rel1.macos64_1.0.0.202411102158/tools/bin/../lib/gcc/arm-none-eabi/13.3.1/../../../../arm-none-eabi/lib/thumb/v6-m/nofp/libc_nano.a(libc_a-memset.o)
                0x0800e7cc                memset
 .text.__errno  0x0800e7dc        0xc /Applications/STM32CubeIDE.app/Contents/Eclipse/plugins/com.st.stm32cube.ide.mcu.externaltools.gnu-tools-for-stm32.13.3.rel1.macos64_1.0.0.202411102158/tools/bin/../lib/gcc/arm-none-eabi/13.3.1/../../../../arm-none-eabi/lib/thumb/v6-m/nofp/libc_nano.a(libc_a-errno.o)
                0x0800e7dc                __errno
 .text.__libc_init_array
                0x0800e7e8       0x48 /Applications/STM32CubeIDE.app/Contents/Eclipse/plugins/com.st.stm32cube.ide.mcu.externaltools.gnu-tools-for-stm32.13.3.rel1.macos64_1.0.0.202411102158/tools/bin/../lib/gcc/arm-none-eabi/13.3.1/../../../../arm-none-eabi/lib/thumb/v6-m/nofp/libc_nano.a(libc_a-init.o)
                0x0800e7e8                __libc_init_array
 .text.__retarget_lock_acquire_recursive
                0x0800e830        0x2 /Applications/STM32CubeIDE.app/Contents/Eclipse/plugins/com.st.stm32cube.ide.mcu.externaltools.gnu-tools-for-stm32.13.3.rel1.macos64_1.0.0.202411102158/tools/bin/../lib/gcc/arm-none-eabi/13.3.1/../../../../arm-none-eabi/lib/thumb/v6-m/nofp/libc_nano.a(libc_a-lock.o)
                0x0800e830                __retarget_lock_acquire_recursive
 .text.__retarget_lock_release_recursive
                0x0800e832        0x2 /Applications/STM32CubeIDE.app/Contents/Eclipse/plugins/com.st.stm32cube.ide.mcu.externaltools.gnu-tools-for-stm32.13.3.rel1.macos64_1.0.0.202411102158/tools/bin/../lib/gcc/arm-none-eabi/13.3.1/../../../../arm-none-eabi/lib/thumb/v6-m/nofp/libc_nano.a(libc_a-lock.o)
                0x0800e832                __retarget_lock_release_recursive
 .text.memcpy   0x0800e834       0x12 /Applications/STM32CubeIDE.app/Contents/Eclipse/plugins/com.st.stm32cube.ide.mcu.externaltools.gnu-tools-for-stm32.13.3.rel1.macos64_1.0.0.202411102158/tools/bin/../lib/gcc/arm-none-eabi/13.3.1/../../../../arm-none-eabi/lib/thumb/v6-m/nofp/libc_nano.a(libc_a-memcpy-stub.o)
                0x0800e834                memcpy
 *fill*         0x0800e846        0x2 
 .text.__ssputs_r
                0x0800e848       0xc0 /Applications/STM32CubeIDE.app/Contents/Eclipse/plugins/com.st.stm32cube.ide.mcu.externaltools.gnu-tools-for-stm32.13.3.rel1.macos64_1.0.0.202411102158/tools/bin/../lib/gcc/arm-none-eabi/13.3.1/../../../../arm-none-eabi/lib/thumb/v6-m/nofp/libc_nano.a(libc_a-nano-svfprintf.o)
                0x0800e848                __ssputs_r
 .text._svfprintf_r
                0x0800e908      0x1fc /Applications/STM32CubeIDE.app/Contents/Eclipse/plugins/com.st.stm32cube.ide.mcu.externaltools.gnu-tools-for-stm32.13.3.rel1.macos64_1.0.0.202411102158/tools/bin/../lib/gcc/arm-none-eabi/13.3.1/../../../../arm-none-eabi/lib/thumb/v6-m/nofp/libc_nano.a(libc_a-nano-svfprintf.o)
                0x0800e908                _svfprintf_r
                0x0800e908                _svfiprintf_r
 .text.sbrk_aligned
                0x0800eb04       0x44 /Applications/STM32CubeIDE.app/Contents/Eclipse/plugins/com.st.stm32cube.ide.mcu.externaltools.gnu-tools-for-stm32.13.3.rel1.macos64_1.0.0.202411102158/tools/bin/../lib/gcc/arm-none-eabi/13.3.1/../../../../arm-none-eabi/lib/thumb/v6-m/nofp/libc_nano.a(libc_a-mallocr.o)
 .text._malloc_r
                0x0800eb48      0x100 /Applications/STM32CubeIDE.app/Contents/Eclipse/plugins/com.st.stm32cube.ide.mcu.externaltools.gnu-tools-for-stm32.13.3.rel1.macos64_1.0.0.202411102158/tools/bin/../lib/gcc/arm-none-eabi/13.3.1/../../../../arm-none-eabi/lib/thumb/v6-m/nofp/libc_nano.a(libc_a-mallocr.o)
                0x0800eb48                _malloc_r
 .text._printf_common
                0x0800ec48       0xde /Applications/STM32CubeIDE.app/Contents/Eclipse/plugins/com.st.stm32cube.ide.mcu.externaltools.gnu-tools-for-stm32.13.3.rel1.macos64_1.0.0.202411102158/tools/bin/../lib/gcc/arm-none-eabi/13.3.1/../../../../arm-none-eabi/lib/thumb/v6-m/nofp/libc_nano.a(libc_a-nano-vfprintf_i.o)
                0x0800ec48                _printf_common
 *fill*         0x0800ed26        0x2 
 .text._printf_i
                0x0800ed28      0x218 /Applications/STM32CubeIDE.app/Contents/Eclipse/plugins/com.st.stm32cube.ide.mcu.externaltools.gnu-tools-for-stm32.13.3.rel1.macos64_1.0.0.202411102158/tools/bin/../lib/gcc/arm-none-eabi/13.3.1/../../../../arm-none-eabi/lib/thumb/v6-m/nofp/libc_nano.a(libc_a-nano-vfprintf_i.o)
                0x0800ed28                _printf_i
 .text.__malloc_lock
                0x0800ef40       0x10 /Applications/STM32CubeIDE.app/Contents/Eclipse/plugins/com.st.stm32cube.ide.mcu.externaltools.gnu-tools-for-stm32.13.3.rel1.macos64_1.0.0.202411102158/tools/bin/../lib/gcc/arm-none-eabi/13.3.1/../../../../arm-none-eabi/lib/thumb/v6-m/nofp/libc_nano.a(libc_a-mlock.o)
                0x0800ef40                __malloc_lock
 .text.__malloc_unlock
                0x0800ef50       0x10 /Applications/STM32CubeIDE.app/Contents/Eclipse/plugins/com.st.stm32cube.ide.mcu.externaltools.gnu-tools-for-stm32.13.3.rel1.macos64_1.0.0.202411102158/tools/bin/../lib/gcc/arm-none-eabi/13.3.1/../../../../arm-none-eabi/lib/thumb/v6-m/nofp/libc_nano.a(libc_a-mlock.o)
                0x0800ef50                __malloc_unlock
 .text._realloc_r
                0x0800ef60       0x60 /Applications/STM32CubeIDE.app/Contents/Eclipse/plugins/com.st.stm32cube.ide.mcu.externaltools.gnu-tools-for-stm32.13.3.rel1.macos64_1.0.0.202411102158/tools/bin/../lib/gcc/arm-none-eabi/13.3.1/../../../../arm-none-eabi/lib/thumb/v6-m/nofp/libc_nano.a(libc_a-reallocr.o)
                0x0800ef60                _realloc_r
 .text._sbrk_r  0x0800efc0       0x24 /Applications/STM32CubeIDE.app/Contents/Eclipse/plugins/com.st.stm32cube.ide.mcu.externaltools.gnu-tools-for-stm32.13.3.rel1.macos64_1.0.0.202411102158/tools/bin/../lib/gcc/arm-none-eabi/13.3.1/../../../../arm-none-eabi/lib/thumb/v6-m/nofp/libc_nano.a(libc_a-sbrkr.o)
                0x0800efc0                _sbrk_r
 .text.memchr   0x0800efe4       0x16 /Applications/STM32CubeIDE.app/Contents/Eclipse/plugins/com.st.stm32cube.ide.mcu.externaltools.gnu-tools-for-stm32.13.3.rel1.macos64_1.0.0.202411102158/tools/bin/../lib/gcc/arm-none-eabi/13.3.1/../../../../arm-none-eabi/lib/thumb/v6-m/nofp/libc_nano.a(libc_a-memchr-stub.o)
                0x0800efe4                memchr
 *fill*         0x0800effa        0x2 
 .text._free_r  0x0800effc       0x94 /Applications/STM32CubeIDE.app/Contents/Eclipse/plugins/com.st.stm32cube.ide.mcu.externaltools.gnu-tools-for-stm32.13.3.rel1.macos64_1.0.0.202411102158/tools/bin/../lib/gcc/arm-none-eabi/13.3.1/../../../../arm-none-eabi/lib/thumb/v6-m/nofp/libc_nano.a(libc_a-freer.o)
                0x0800effc                _free_r
 .text._malloc_usable_size_r
                0x0800f090       0x10 /Applications/STM32CubeIDE.app/Contents/Eclipse/plugins/com.st.stm32cube.ide.mcu.externaltools.gnu-tools-for-stm32.13.3.rel1.macos64_1.0.0.202411102158/tools/bin/../lib/gcc/arm-none-eabi/13.3.1/../../../../arm-none-eabi/lib/thumb/v6-m/nofp/libc_nano.a(libc_a-msizer.o)
                0x0800f090                _malloc_usable_size_r
 *(.glue_7)
 .glue_7        0x0800f0a0        0x0 linker stubs
 *(.glue_7t)
 .glue_7t       0x0800f0a0        0x0 linker stubs
 *(.eh_frame)
 .eh_frame      0x0800f0a0        0x0 /Applications/STM32CubeIDE.app/Contents/Eclipse/plugins/com.st.stm32cube.ide.mcu.externaltools.gnu-tools-for-stm32.13.3.rel1.macos64_1.0.0.202411102158/tools/bin/../lib/gcc/arm-none-eabi/13.3.1/thumb/v6-m/nofp/crtbegin.o
 *(.init)
 .init          0x0800f0a0        0x4 /Applications/STM32CubeIDE.app/Contents/Eclipse/plugins/com.st.stm32cube.ide.mcu.externaltools.gnu-tools-for-stm32.13.3.rel1.macos64_1.0.0.202411102158/tools/bin/../lib/gcc/arm-none-eabi/13.3.1/thumb/v6-m/nofp/crti.o
                0x0800f0a0                _init
 .init          0x0800f0a4        0x8 /Applications/STM32CubeIDE.app/Contents/Eclipse/plugins/com.st.stm32cube.ide.mcu.externaltools.gnu-tools-for-stm32.13.3.rel1.macos64_1.0.0.202411102158/tools/bin/../lib/gcc/arm-none-eabi/13.3.1/thumb/v6-m/nofp/crtn.o
 *(.fini)
 .fini          0x0800f0ac        0x4 /Applications/STM32CubeIDE.app/Contents/Eclipse/plugins/com.st.stm32cube.ide.mcu.externaltools.gnu-tools-for-stm32.13.3.rel1.macos64_1.0.0.202411102158/tools/bin/../lib/gcc/arm-none-eabi/13.3.1/thumb/v6-m/nofp/crti.o
                0x0800f0ac                _fini
 .fini          0x0800f0b0        0x8 /Applications/STM32CubeIDE.app/Contents/Eclipse/plugins/com.st.stm32cube.ide.mcu.externaltools.gnu-tools-for-stm32.13.3.rel1.macos64_1.0.0.202411102158/tools/bin/../lib/gcc/arm-none-eabi/13.3.1/thumb/v6-m/nofp/crtn.o
                0x0800f0b8                        . = ALIGN (0x4)
                0x0800f0b8                        _etext = .

.vfp11_veneer   0x0800f0b8        0x0
 .vfp11_veneer  0x0800f0b8        0x0 linker stubs

.v4_bx          0x0800f0b8        0x0
 .v4_bx         0x0800f0b8        0x0 linker stubs

.iplt           0x0800f0b8        0x0
 .iplt          0x0800f0b8        0x0 /Applications/STM32CubeIDE.app/Contents/Eclipse/plugins/com.st.stm32cube.ide.mcu.externaltools.gnu-tools-for-stm32.13.3.rel1.macos64_1.0.0.202411102158/tools/bin/../lib/gcc/arm-none-eabi/13.3.1/thumb/v6-m/nofp/crtbegin.o

.rodata         0x0800f0b8      0x3ec
                0x0800f0b8                        . = ALIGN (0x4)
 *(.rodata)
 .rodata        0x0800f0b8       0x7f ./Drivers/BSP/Components/st25r200.o
 *fill*         0x0800f137        0x1 
 .rodata        0x0800f138        0x8 ./Middlewares/X-CUBE-NFC9/Wireless/RFAL/Default_Config/rfal_nfcb.o
 .rodata        0x0800f140       0x1e ./X-CUBE-NFC9/App/app_x-cube-nfcx.o
 *fill*         0x0800f15e        0x2 
 .rodata        0x0800f160        0x5 ./X-CUBE-NFC9/Target/demo_polling.o
 *fill*         0x0800f165        0x3 
 .rodata        0x0800f168       0x11 ./X-CUBE-NFC9/Target/logger.o
 *(.rodata*)
 *fill*         0x0800f179        0x3 
 .rodata.ButtonGpioInit.3
                0x0800f17c        0x4 ./Core/Src/stm32g0xx_nucleo.o
 .rodata.BUTTON_EXTI_LINE.2
                0x0800f180        0x4 ./Core/Src/stm32g0xx_nucleo.o
 .rodata.ButtonCallback.1
                0x0800f184        0x4 ./Core/Src/stm32g0xx_nucleo.o
 .rodata.BSP_BUTTON_PRIO.0
                0x0800f188        0x4 ./Core/Src/stm32g0xx_nucleo.o
 .rodata.AHBPrescTable
                0x0800f18c       0x40 ./Core/Src/system_stm32g0xx.o
                0x0800f18c                AHBPrescTable
 .rodata.APBPrescTable
                0x0800f1cc       0x20 ./Core/Src/system_stm32g0xx.o
                0x0800f1cc                APBPrescTable
 .rodata.rfalSetMode
                0x0800f1ec       0x38 ./Drivers/BSP/Components/rfal_rfst25r200.o
 .rodata.rfalSetBitRate
                0x0800f224       0x38 ./Drivers/BSP/Components/rfal_rfst25r200.o
 .rodata.rfalTransceiveTx
                0x0800f25c       0x28 ./Drivers/BSP/Components/rfal_rfst25r200.o
 .rodata.rfalTransceiveRx
                0x0800f284       0x28 ./Drivers/BSP/Components/rfal_rfst25r200.o
 .rodata.UARTPrescTable
                0x0800f2ac       0x18 ./Drivers/STM32G0xx_HAL_Driver/stm32g0xx_hal_uart.o
                0x0800f2ac                UARTPrescTable
 .rodata.numerator.1
                0x0800f2c4        0x8 ./Drivers/STM32G0xx_HAL_Driver/stm32g0xx_hal_uart_ex.o
 .rodata.denominator.0
                0x0800f2cc        0x8 ./Drivers/STM32G0xx_HAL_Driver/stm32g0xx_hal_uart_ex.o
 .rodata.rfalAnalogConfigDefaultSettings
                0x0800f2d4       0xa2 ./Middlewares/X-CUBE-NFC9/Wireless/RFAL/Default_Config/rfal_analogConfig.o
                0x0800f2d4                rfalAnalogConfigDefaultSettings
 *fill*         0x0800f376        0x2 
 .rodata.rfalIsoDepFSxI2FSx
                0x0800f378       0x34 ./Middlewares/X-CUBE-NFC9/Wireless/RFAL/Default_Config/rfal_isoDep.o
 .rodata.rfalNfcWorker
                0x0800f3ac       0x8c ./Middlewares/X-CUBE-NFC9/Wireless/RFAL/Default_Config/rfal_nfc.o
 .rodata.rfalNfcPollActivation
                0x0800f438       0x1c ./Middlewares/X-CUBE-NFC9/Wireless/RFAL/Default_Config/rfal_nfc.o
 .rodata.rfalNfcaPollerGetSingleCollisionResolutionStatus
                0x0800f454       0x1c ./Middlewares/X-CUBE-NFC9/Wireless/RFAL/Default_Config/rfal_nfca.o
 .rodata._svfprintf_r.str1.1
                0x0800f470       0x33 /Applications/STM32CubeIDE.app/Contents/Eclipse/plugins/com.st.stm32cube.ide.mcu.externaltools.gnu-tools-for-stm32.13.3.rel1.macos64_1.0.0.202411102158/tools/bin/../lib/gcc/arm-none-eabi/13.3.1/../../../../arm-none-eabi/lib/thumb/v6-m/nofp/libc_nano.a(libc_a-nano-svfprintf.o)
                                 0x11 (size before relaxing)
 .rodata._printf_i.str1.1
                0x0800f4a3       0x22 /Applications/STM32CubeIDE.app/Contents/Eclipse/plugins/com.st.stm32cube.ide.mcu.externaltools.gnu-tools-for-stm32.13.3.rel1.macos64_1.0.0.202411102158/tools/bin/../lib/gcc/arm-none-eabi/13.3.1/../../../../arm-none-eabi/lib/thumb/v6-m/nofp/libc_nano.a(libc_a-nano-vfprintf_i.o)
                0x0800f4c8                        . = ALIGN (0x4)
 *fill*         0x0800f4a3        0x1 

.ARM.extab      0x0800f4a4        0x0
                0x0800f4a4                        . = ALIGN (0x4)
 *(.ARM.extab* .gnu.linkonce.armextab.*)
                0x0800f4a4                        . = ALIGN (0x4)

.ARM            0x0800f4a4        0x8
                0x0800f4a4                        . = ALIGN (0x4)
                0x0800f4a4                        __exidx_start = .
 *(.ARM.exidx*)
 .ARM.exidx     0x0800f4a4        0x8 /Applications/STM32CubeIDE.app/Contents/Eclipse/plugins/com.st.stm32cube.ide.mcu.externaltools.gnu-tools-for-stm32.13.3.rel1.macos64_1.0.0.202411102158/tools/bin/../lib/gcc/arm-none-eabi/13.3.1/thumb/v6-m/nofp/libgcc.a(_udivmoddi4.o)
                0x0800f4ac                        __exidx_end = .
                0x0800f4ac                        . = ALIGN (0x4)

.preinit_array  0x0800f4ac        0x0
                0x0800f4ac                        . = ALIGN (0x4)
                0x0800f4ac                        PROVIDE (__preinit_array_start = .)
 *(.preinit_array*)
                0x0800f4ac                        PROVIDE (__preinit_array_end = .)
                0x0800f4ac                        . = ALIGN (0x4)

.init_array     0x0800f4ac        0x4
                0x0800f4ac                        . = ALIGN (0x4)
                0x0800f4ac                        PROVIDE (__init_array_start = .)
 *(SORT_BY_NAME(.init_array.*))
 *(.init_array*)
 .init_array    0x0800f4ac        0x4 /Applications/STM32CubeIDE.app/Contents/Eclipse/plugins/com.st.stm32cube.ide.mcu.externaltools.gnu-tools-for-stm32.13.3.rel1.macos64_1.0.0.202411102158/tools/bin/../lib/gcc/arm-none-eabi/13.3.1/thumb/v6-m/nofp/crtbegin.o
                0x0800f4b0                        PROVIDE (__init_array_end = .)
                0x0800f4b0                        . = ALIGN (0x4)

.fini_array     0x0800f4b0        0x4
                0x0800f4b0                        . = ALIGN (0x4)
                [!provide]                        PROVIDE (__fini_array_start = .)
 *(SORT_BY_NAME(.fini_array.*))
 *(.fini_array*)
 .fini_array    0x0800f4b0        0x4 /Applications/STM32CubeIDE.app/Contents/Eclipse/plugins/com.st.stm32cube.ide.mcu.externaltools.gnu-tools-for-stm32.13.3.rel1.macos64_1.0.0.202411102158/tools/bin/../lib/gcc/arm-none-eabi/13.3.1/thumb/v6-m/nofp/crtbegin.o
                [!provide]                        PROVIDE (__fini_array_end = .)
                0x0800f4b4                        . = ALIGN (0x4)
                0x0800f4b4                        _sidata = LOADADDR (.data)

.rel.dyn        0x0800f4b4        0x0
 .rel.iplt      0x0800f4b4        0x0 /Applications/STM32CubeIDE.app/Contents/Eclipse/plugins/com.st.stm32cube.ide.mcu.externaltools.gnu-tools-for-stm32.13.3.rel1.macos64_1.0.0.202411102158/tools/bin/../lib/gcc/arm-none-eabi/13.3.1/thumb/v6-m/nofp/crtbegin.o

.data           0x20000000       0x8c load address 0x0800f4b4
                0x20000000                        . = ALIGN (0x4)
                0x20000000                        _sdata = .
 *(.data)
 *(.data*)
 .data.hpb_exti
                0x20000000        0xc ./Core/Src/stm32g0xx_nucleo.o
                0x20000000                hpb_exti
 .data.COM_USART
                0x2000000c        0x4 ./Core/Src/stm32g0xx_nucleo.o
                0x2000000c                COM_USART
 .data.SystemCoreClock
                0x20000010        0x4 ./Core/Src/system_stm32g0xx.o
                0x20000010                SystemCoreClock
 .data.uwTickPrio
                0x20000014        0x4 ./Drivers/STM32G0xx_HAL_Driver/stm32g0xx_hal.o
                0x20000014                uwTickPrio
 .data.uwTickFreq
                0x20000018        0x1 ./Drivers/STM32G0xx_HAL_Driver/stm32g0xx_hal.o
                0x20000018                uwTickFreq
 *fill*         0x20000019        0x3 
 .data.NFCID3   0x2000001c        0xa ./X-CUBE-NFC9/Target/demo_polling.o
 *fill*         0x20000026        0x2 
 .data.GB       0x20000028       0x14 ./X-CUBE-NFC9/Target/demo_polling.o
 .data._impure_ptr
                0x2000003c        0x4 /Applications/STM32CubeIDE.app/Contents/Eclipse/plugins/com.st.stm32cube.ide.mcu.externaltools.gnu-tools-for-stm32.13.3.rel1.macos64_1.0.0.202411102158/tools/bin/../lib/gcc/arm-none-eabi/13.3.1/../../../../arm-none-eabi/lib/thumb/v6-m/nofp/libc_nano.a(libc_a-impure.o)
                0x2000003c                _impure_ptr
 .data._impure_data
                0x20000040       0x4c /Applications/STM32CubeIDE.app/Contents/Eclipse/plugins/com.st.stm32cube.ide.mcu.externaltools.gnu-tools-for-stm32.13.3.rel1.macos64_1.0.0.202411102158/tools/bin/../lib/gcc/arm-none-eabi/13.3.1/../../../../arm-none-eabi/lib/thumb/v6-m/nofp/libc_nano.a(libc_a-impure.o)
                0x20000040                _impure_data
 *(.RamFunc)
 *(.RamFunc*)
                0x2000008c                        . = ALIGN (0x4)
                0x2000008c                        _edata = .

.igot.plt       0x2000008c        0x0 load address 0x0800f540
 .igot.plt      0x2000008c        0x0 /Applications/STM32CubeIDE.app/Contents/Eclipse/plugins/com.st.stm32cube.ide.mcu.externaltools.gnu-tools-for-stm32.13.3.rel1.macos64_1.0.0.202411102158/tools/bin/../lib/gcc/arm-none-eabi/13.3.1/thumb/v6-m/nofp/crtbegin.o
                0x2000008c                        . = ALIGN (0x4)

.bss            0x2000008c     0x100c load address 0x0800f540
                0x2000008c                        _sbss = .
                0x2000008c                        __bss_start__ = _sbss
 *(.bss)
 .bss           0x2000008c       0x1c /Applications/STM32CubeIDE.app/Contents/Eclipse/plugins/com.st.stm32cube.ide.mcu.externaltools.gnu-tools-for-stm32.13.3.rel1.macos64_1.0.0.202411102158/tools/bin/../lib/gcc/arm-none-eabi/13.3.1/thumb/v6-m/nofp/crtbegin.o
 *(.bss*)
 .bss.hcom_uart
                0x200000a8       0x94 ./Core/Src/stm32g0xx_nucleo.o
                0x200000a8                hcom_uart
 .bss.hspi1     0x2000013c       0x64 ./Core/Src/stm32g0xx_nucleo_bus.o
                0x2000013c                hspi1
 .bss.SPI1InitCounter
                0x200001a0        0x4 ./Core/Src/stm32g0xx_nucleo_bus.o
 .bss.__sbrk_heap_end
                0x200001a4        0x4 ./Core/Src/sysmem.o
 .bss.gRFAL     0x200001a8       0x84 ./Drivers/BSP/Components/rfal_rfst25r200.o
 .bss.gST25R200NRT_64fcs
                0x2000022c        0x4 ./Drivers/BSP/Components/st25r200.o
 .bss.st25r200interrupt
                0x20000230       0x10 ./Drivers/BSP/Components/st25r200_irq.o
 .bss.uwTick    0x20000240        0x4 ./Drivers/STM32G0xx_HAL_Driver/stm32g0xx_hal.o
                0x20000240                uwTick
 .bss.gRfalAnalogConfigMgmt
                0x20000244        0x8 ./Middlewares/X-CUBE-NFC9/Wireless/RFAL/Default_Config/rfal_analogConfig.o
 .bss.gIsoDep   0x2000024c       0xbc ./Middlewares/X-CUBE-NFC9/Wireless/RFAL/Default_Config/rfal_isoDep.o
 .bss.gNfcDev   0x20000308      0x840 ./Middlewares/X-CUBE-NFC9/Wireless/RFAL/Default_Config/rfal_nfc.o
 .bss.nfcaDevList.2
                0x20000b48       0x6e ./Middlewares/X-CUBE-NFC9/Wireless/RFAL/Default_Config/rfal_nfc.o
 .bss.devCnt.1  0x20000bb6        0x1 ./Middlewares/X-CUBE-NFC9/Wireless/RFAL/Default_Config/rfal_nfc.o
 *fill*         0x20000bb7        0x1 
 .bss.nfcbDevList.0
                0x20000bb8       0x4b ./Middlewares/X-CUBE-NFC9/Wireless/RFAL/Default_Config/rfal_nfc.o
 *fill*         0x20000c03        0x1 
 .bss.gNfca     0x20000c04       0x54 ./Middlewares/X-CUBE-NFC9/Wireless/RFAL/Default_Config/rfal_nfca.o
 .bss.gRfalNfcb
                0x20000c58       0x30 ./Middlewares/X-CUBE-NFC9/Wireless/RFAL/Default_Config/rfal_nfcb.o
 .bss.globalCommProtectCnt
                0x20000c88        0x1 ./X-CUBE-NFC9/App/app_x-cube-nfcx.o
                0x20000c88                globalCommProtectCnt
 *fill*         0x20000c89        0x3 
 .bss.discParam
                0x20000c8c       0xa8 ./X-CUBE-NFC9/Target/demo_polling.o
 .bss.state     0x20000d34        0x1 ./X-CUBE-NFC9/Target/demo_polling.o
 .bss.multiSel  0x20000d35        0x1 ./X-CUBE-NFC9/Target/demo_polling.o
 *fill*         0x20000d36        0x2 
 .bss.nfcDevice.0
                0x20000d38        0x4 ./X-CUBE-NFC9/Target/demo_polling.o
 .bss.hexStr    0x20000d3c      0x200 ./X-CUBE-NFC9/Target/logger.o
                0x20000d3c                hexStr
 .bss.hexStrIdx
                0x20000f3c        0x1 ./X-CUBE-NFC9/Target/logger.o
                0x20000f3c                hexStrIdx
 *fill*         0x20000f3d        0x3 
 .bss.pLogUsart
                0x20000f40        0x4 ./X-CUBE-NFC9/Target/logger.o
                0x20000f40                pLogUsart
 .bss.H_EXTI_0  0x20000f44        0xc ./X-CUBE-NFC9/Target/nfc_conf.o
                0x20000f44                H_EXTI_0
 .bss.__sf      0x20000f50      0x138 /Applications/STM32CubeIDE.app/Contents/Eclipse/plugins/com.st.stm32cube.ide.mcu.externaltools.gnu-tools-for-stm32.13.3.rel1.macos64_1.0.0.202411102158/tools/bin/../lib/gcc/arm-none-eabi/13.3.1/../../../../arm-none-eabi/lib/thumb/v6-m/nofp/libc_nano.a(libc_a-findfp.o)
                0x20000f50                __sf
 .bss.__lock___malloc_recursive_mutex
                0x20001088        0x1 /Applications/STM32CubeIDE.app/Contents/Eclipse/plugins/com.st.stm32cube.ide.mcu.externaltools.gnu-tools-for-stm32.13.3.rel1.macos64_1.0.0.202411102158/tools/bin/../lib/gcc/arm-none-eabi/13.3.1/../../../../arm-none-eabi/lib/thumb/v6-m/nofp/libc_nano.a(libc_a-lock.o)
                0x20001088                __lock___malloc_recursive_mutex
 *fill*         0x20001089        0x3 
 .bss.__malloc_sbrk_start
                0x2000108c        0x4 /Applications/STM32CubeIDE.app/Contents/Eclipse/plugins/com.st.stm32cube.ide.mcu.externaltools.gnu-tools-for-stm32.13.3.rel1.macos64_1.0.0.202411102158/tools/bin/../lib/gcc/arm-none-eabi/13.3.1/../../../../arm-none-eabi/lib/thumb/v6-m/nofp/libc_nano.a(libc_a-mallocr.o)
                0x2000108c                __malloc_sbrk_start
 .bss.__malloc_free_list
                0x20001090        0x4 /Applications/STM32CubeIDE.app/Contents/Eclipse/plugins/com.st.stm32cube.ide.mcu.externaltools.gnu-tools-for-stm32.13.3.rel1.macos64_1.0.0.202411102158/tools/bin/../lib/gcc/arm-none-eabi/13.3.1/../../../../arm-none-eabi/lib/thumb/v6-m/nofp/libc_nano.a(libc_a-mallocr.o)
                0x20001090                __malloc_free_list
 .bss.errno     0x20001094        0x4 /Applications/STM32CubeIDE.app/Contents/Eclipse/plugins/com.st.stm32cube.ide.mcu.externaltools.gnu-tools-for-stm32.13.3.rel1.macos64_1.0.0.202411102158/tools/bin/../lib/gcc/arm-none-eabi/13.3.1/../../../../arm-none-eabi/lib/thumb/v6-m/nofp/libc_nano.a(libc_a-reent.o)
                0x20001094                errno
 *(COMMON)
                0x20001098                        . = ALIGN (0x4)
                0x20001098                        _ebss = .
                0x20001098                        __bss_end__ = _ebss

._user_heap_stack
                0x20001098      0x600 load address 0x0800f540
                0x20001098                        . = ALIGN (0x8)
                [!provide]                        PROVIDE (end = .)
                0x20001098                        PROVIDE (_end = .)
                0x20001298                        . = (. + _Min_Heap_Size)
 *fill*         0x20001098      0x200 
                0x20001698                        . = (. + _Min_Stack_Size)
 *fill*         0x20001298      0x400 
                0x20001698                        . = ALIGN (0x8)

/DISCARD/
 libc.a(*)
 libm.a(*)
 libgcc.a(*)

.ARM.attributes
                0x00000000       0x28
 *(.ARM.attributes)
 .ARM.attributes
                0x00000000       0x1e /Applications/STM32CubeIDE.app/Contents/Eclipse/plugins/com.st.stm32cube.ide.mcu.externaltools.gnu-tools-for-stm32.13.3.rel1.macos64_1.0.0.202411102158/tools/bin/../lib/gcc/arm-none-eabi/13.3.1/thumb/v6-m/nofp/crti.o
 .ARM.attributes
                0x0000001e       0x2c /Applications/STM32CubeIDE.app/Contents/Eclipse/plugins/com.st.stm32cube.ide.mcu.externaltools.gnu-tools-for-stm32.13.3.rel1.macos64_1.0.0.202411102158/tools/bin/../lib/gcc/arm-none-eabi/13.3.1/thumb/v6-m/nofp/crtbegin.o
 .ARM.attributes
                0x0000004a       0x2c ./Core/Src/main.o
 .ARM.attributes
                0x00000076       0x2c ./Core/Src/stm32g0xx_hal_msp.o
 .ARM.attributes
                0x000000a2       0x2c ./Core/Src/stm32g0xx_it.o
 .ARM.attributes
                0x000000ce       0x2c ./Core/Src/stm32g0xx_nucleo.o
 .ARM.attributes
                0x000000fa       0x2c ./Core/Src/stm32g0xx_nucleo_bus.o
 .ARM.attributes
                0x00000126       0x2c ./Core/Src/sysmem.o
 .ARM.attributes
                0x00000152       0x2c ./Core/Src/system_stm32g0xx.o
 .ARM.attributes
                0x0000017e       0x22 ./Core/Startup/startup_stm32g0b1retx.o
 .ARM.attributes
                0x000001a0       0x2c ./Drivers/BSP/Components/rfal_rfst25r200.o
 .ARM.attributes
                0x000001cc       0x2c ./Drivers/BSP/Components/st25r200.o
 .ARM.attributes
                0x000001f8       0x2c ./Drivers/BSP/Components/st25r200_com.o
 .ARM.attributes
                0x00000224       0x2c ./Drivers/BSP/Components/st25r200_irq.o
 .ARM.attributes
                0x00000250       0x2c ./Drivers/BSP/Components/timer.o
 .ARM.attributes
                0x0000027c       0x2c ./Drivers/STM32G0xx_HAL_Driver/stm32g0xx_hal.o
 .ARM.attributes
                0x000002a8       0x2c ./Drivers/STM32G0xx_HAL_Driver/stm32g0xx_hal_cortex.o
 .ARM.attributes
                0x000002d4       0x2c ./Drivers/STM32G0xx_HAL_Driver/stm32g0xx_hal_dma.o
 .ARM.attributes
                0x00000300       0x2c ./Drivers/STM32G0xx_HAL_Driver/stm32g0xx_hal_exti.o
 .ARM.attributes
                0x0000032c       0x2c ./Drivers/STM32G0xx_HAL_Driver/stm32g0xx_hal_gpio.o
 .ARM.attributes
                0x00000358       0x2c ./Drivers/STM32G0xx_HAL_Driver/stm32g0xx_hal_pwr_ex.o
 .ARM.attributes
                0x00000384       0x2c ./Drivers/STM32G0xx_HAL_Driver/stm32g0xx_hal_rcc.o
 .ARM.attributes
                0x000003b0       0x2c ./Drivers/STM32G0xx_HAL_Driver/stm32g0xx_hal_rcc_ex.o
 .ARM.attributes
                0x000003dc       0x2c ./Drivers/STM32G0xx_HAL_Driver/stm32g0xx_hal_spi.o
 .ARM.attributes
                0x00000408       0x2c ./Drivers/STM32G0xx_HAL_Driver/stm32g0xx_hal_uart.o
 .ARM.attributes
                0x00000434       0x2c ./Drivers/STM32G0xx_HAL_Driver/stm32g0xx_hal_uart_ex.o
 .ARM.attributes
                0x00000460       0x2c ./Middlewares/X-CUBE-NFC9/Wireless/RFAL/Default_Config/rfal_analogConfig.o
 .ARM.attributes
                0x0000048c       0x2c ./Middlewares/X-CUBE-NFC9/Wireless/RFAL/Default_Config/rfal_isoDep.o
 .ARM.attributes
                0x000004b8       0x2c ./Middlewares/X-CUBE-NFC9/Wireless/RFAL/Default_Config/rfal_nfc.o
 .ARM.attributes
                0x000004e4       0x2c ./Middlewares/X-CUBE-NFC9/Wireless/RFAL/Default_Config/rfal_nfca.o
 .ARM.attributes
                0x00000510       0x2c ./Middlewares/X-CUBE-NFC9/Wireless/RFAL/Default_Config/rfal_nfcb.o
 .ARM.attributes
                0x0000053c       0x2c ./Middlewares/X-CUBE-NFC9/Wireless/RFAL/Default_Config/rfal_nfcv.o
 .ARM.attributes
                0x00000568       0x2c ./Middlewares/X-CUBE-NFC9/Wireless/RFAL/Default_Config/rfal_st25tb.o
 .ARM.attributes
                0x00000594       0x2c ./Middlewares/X-CUBE-NFC9/Wireless/RFAL/Default_Config/rfal_t1t.o
 .ARM.attributes
                0x000005c0       0x2c ./X-CUBE-NFC9/App/app_x-cube-nfcx.o
 .ARM.attributes
                0x000005ec       0x2c ./X-CUBE-NFC9/Target/demo_polling.o
 .ARM.attributes
                0x00000618       0x2c ./X-CUBE-NFC9/Target/logger.o
 .ARM.attributes
                0x00000644       0x2c ./X-CUBE-NFC9/Target/nfc_conf.o
 .ARM.attributes
                0x00000670       0x2c /Applications/STM32CubeIDE.app/Contents/Eclipse/plugins/com.st.stm32cube.ide.mcu.externaltools.gnu-tools-for-stm32.13.3.rel1.macos64_1.0.0.202411102158/tools/bin/../lib/gcc/arm-none-eabi/13.3.1/../../../../arm-none-eabi/lib/thumb/v6-m/nofp/libc_nano.a(libc_a-findfp.o)
 .ARM.attributes
                0x0000069c       0x2c /Applications/STM32CubeIDE.app/Contents/Eclipse/plugins/com.st.stm32cube.ide.mcu.externaltools.gnu-tools-for-stm32.13.3.rel1.macos64_1.0.0.202411102158/tools/bin/../lib/gcc/arm-none-eabi/13.3.1/../../../../arm-none-eabi/lib/thumb/v6-m/nofp/libc_nano.a(libc_a-vsnprintf.o)
 .ARM.attributes
                0x000006c8       0x2c /Applications/STM32CubeIDE.app/Contents/Eclipse/plugins/com.st.stm32cube.ide.mcu.externaltools.gnu-tools-for-stm32.13.3.rel1.macos64_1.0.0.202411102158/tools/bin/../lib/gcc/arm-none-eabi/13.3.1/../../../../arm-none-eabi/lib/thumb/v6-m/nofp/libc_nano.a(libc_a-memmove.o)
 .ARM.attributes
                0x000006f4       0x2c /Applications/STM32CubeIDE.app/Contents/Eclipse/plugins/com.st.stm32cube.ide.mcu.externaltools.gnu-tools-for-stm32.13.3.rel1.macos64_1.0.0.202411102158/tools/bin/../lib/gcc/arm-none-eabi/13.3.1/../../../../arm-none-eabi/lib/thumb/v6-m/nofp/libc_nano.a(libc_a-memset.o)
 .ARM.attributes
                0x00000720       0x2c /Applications/STM32CubeIDE.app/Contents/Eclipse/plugins/com.st.stm32cube.ide.mcu.externaltools.gnu-tools-for-stm32.13.3.rel1.macos64_1.0.0.202411102158/tools/bin/../lib/gcc/arm-none-eabi/13.3.1/../../../../arm-none-eabi/lib/thumb/v6-m/nofp/libc_nano.a(libc_a-errno.o)
 .ARM.attributes
                0x0000074c       0x2c /Applications/STM32CubeIDE.app/Contents/Eclipse/plugins/com.st.stm32cube.ide.mcu.externaltools.gnu-tools-for-stm32.13.3.rel1.macos64_1.0.0.202411102158/tools/bin/../lib/gcc/arm-none-eabi/13.3.1/../../../../arm-none-eabi/lib/thumb/v6-m/nofp/libc_nano.a(libc_a-init.o)
 .ARM.attributes
                0x00000778       0x2c /Applications/STM32CubeIDE.app/Contents/Eclipse/plugins/com.st.stm32cube.ide.mcu.externaltools.gnu-tools-for-stm32.13.3.rel1.macos64_1.0.0.202411102158/tools/bin/../lib/gcc/arm-none-eabi/13.3.1/../../../../arm-none-eabi/lib/thumb/v6-m/nofp/libc_nano.a(libc_a-lock.o)
 .ARM.attributes
                0x000007a4       0x2c /Applications/STM32CubeIDE.app/Contents/Eclipse/plugins/com.st.stm32cube.ide.mcu.externaltools.gnu-tools-for-stm32.13.3.rel1.macos64_1.0.0.202411102158/tools/bin/../lib/gcc/arm-none-eabi/13.3.1/../../../../arm-none-eabi/lib/thumb/v6-m/nofp/libc_nano.a(libc_a-impure.o)
 .ARM.attributes
                0x000007d0       0x2c /Applications/STM32CubeIDE.app/Contents/Eclipse/plugins/com.st.stm32cube.ide.mcu.externaltools.gnu-tools-for-stm32.13.3.rel1.macos64_1.0.0.202411102158/tools/bin/../lib/gcc/arm-none-eabi/13.3.1/../../../../arm-none-eabi/lib/thumb/v6-m/nofp/libc_nano.a(libc_a-memcpy-stub.o)
 .ARM.attributes
                0x000007fc       0x1c /Applications/STM32CubeIDE.app/Contents/Eclipse/plugins/com.st.stm32cube.ide.mcu.externaltools.gnu-tools-for-stm32.13.3.rel1.macos64_1.0.0.202411102158/tools/bin/../lib/gcc/arm-none-eabi/13.3.1/../../../../arm-none-eabi/lib/thumb/v6-m/nofp/libc_nano.a(libc_a-strlen.o)
 .ARM.attributes
                0x00000818       0x2c /Applications/STM32CubeIDE.app/Contents/Eclipse/plugins/com.st.stm32cube.ide.mcu.externaltools.gnu-tools-for-stm32.13.3.rel1.macos64_1.0.0.202411102158/tools/bin/../lib/gcc/arm-none-eabi/13.3.1/../../../../arm-none-eabi/lib/thumb/v6-m/nofp/libc_nano.a(libc_a-nano-svfprintf.o)
 .ARM.attributes