/Users/anirudhsingh/STM32Cube/Repository/Packs/STMicroelectronics/X-CUBE-NFC9/1.0.0/Middlewares/ST/rfal/Src/rfal_isoDep.c:474:13:rfalIsoDepClearCounters	8	static
/Users/anirudhsingh/STM32Cube/Repository/Packs/STMicroelectronics/X-CUBE-NFC9/1.0.0/Middlewares/ST/rfal/Src/rfal_isoDep.c:484:19:rfalIsoDepTx	72	static
/Users/anirudhsingh/STM32Cube/Repository/Packs/STMicroelectronics/X-CUBE-NFC9/1.0.0/Middlewares/ST/rfal/Src/rfal_isoDep.c:541:19:rfalIsoDepHandleControlMsg	40	static
/Users/anirudhsingh/STM32Cube/Repository/Packs/STMicroelectronics/X-CUBE-NFC9/1.0.0/Middlewares/ST/rfal/Src/rfal_isoDep.c:666:6:rfalIsoDepInitialize	8	static
/Users/anirudhsingh/STM32Cube/Repository/Packs/STMicroelectronics/X-CUBE-NFC9/1.0.0/Middlewares/ST/rfal/Src/rfal_isoDep.c:712:6:rfalIsoDepInitializeWithParams	24	static
/Users/anirudhsingh/STM32Cube/Repository/Packs/STMicroelectronics/X-CUBE-NFC9/1.0.0/Middlewares/ST/rfal/Src/rfal_isoDep.c:734:19:rfalIsoDepDataExchangePCD	48	static
/Users/anirudhsingh/STM32Cube/Repository/Packs/STMicroelectronics/X-CUBE-NFC9/1.0.0/Middlewares/ST/rfal/Src/rfal_isoDep.c:1021:12:rfalIsoDepDeselect	24	static
/Users/anirudhsingh/STM32Cube/Repository/Packs/STMicroelectronics/X-CUBE-NFC9/1.0.0/Middlewares/ST/rfal/Src/rfal_isoDep.c:1033:12:rfalIsoDepStartDeselect	8	static
/Users/anirudhsingh/STM32Cube/Repository/Packs/STMicroelectronics/X-CUBE-NFC9/1.0.0/Middlewares/ST/rfal/Src/rfal_isoDep.c:1051:12:rfalIsoDepGetDeselectStatus	24	static
/Users/anirudhsingh/STM32Cube/Repository/Packs/STMicroelectronics/X-CUBE-NFC9/1.0.0/Middlewares/ST/rfal/Src/rfal_isoDep.c:1066:10:rfalIsoDepFWI2FWT	24	static
/Users/anirudhsingh/STM32Cube/Repository/Packs/STMicroelectronics/X-CUBE-NFC9/1.0.0/Middlewares/ST/rfal/Src/rfal_isoDep.c:1092:10:rfalIsoDepFSxI2FSx	24	static
/Users/anirudhsingh/STM32Cube/Repository/Packs/STMicroelectronics/X-CUBE-NFC9/1.0.0/Middlewares/ST/rfal/Src/rfal_isoDep.c:1447:10:rfalIsoDepGetMaxInfLen	16	static
/Users/anirudhsingh/STM32Cube/Repository/Packs/STMicroelectronics/X-CUBE-NFC9/1.0.0/Middlewares/ST/rfal/Src/rfal_isoDep.c:1461:12:rfalIsoDepStartTransceive	16	static
/Users/anirudhsingh/STM32Cube/Repository/Packs/STMicroelectronics/X-CUBE-NFC9/1.0.0/Middlewares/ST/rfal/Src/rfal_isoDep.c:1516:12:rfalIsoDepGetTransceiveStatus	8	static
/Users/anirudhsingh/STM32Cube/Repository/Packs/STMicroelectronics/X-CUBE-NFC9/1.0.0/Middlewares/ST/rfal/Src/rfal_isoDep.c:1902:19:rfalIsoDepStartRATS	56	static
/Users/anirudhsingh/STM32Cube/Repository/Packs/STMicroelectronics/X-CUBE-NFC9/1.0.0/Middlewares/ST/rfal/Src/rfal_isoDep.c:1926:19:rfalIsoDepGetRATSStatus	24	static
/Users/anirudhsingh/STM32Cube/Repository/Packs/STMicroelectronics/X-CUBE-NFC9/1.0.0/Middlewares/ST/rfal/Src/rfal_isoDep.c:1956:12:rfalIsoDepRATS	48	static
/Users/anirudhsingh/STM32Cube/Repository/Packs/STMicroelectronics/X-CUBE-NFC9/1.0.0/Middlewares/ST/rfal/Src/rfal_isoDep.c:1968:19:rfalIsoDepStartPPS	56	static
/Users/anirudhsingh/STM32Cube/Repository/Packs/STMicroelectronics/X-CUBE-NFC9/1.0.0/Middlewares/ST/rfal/Src/rfal_isoDep.c:1991:19:rfalIsoDepGetPPSSTatus	24	static
/Users/anirudhsingh/STM32Cube/Repository/Packs/STMicroelectronics/X-CUBE-NFC9/1.0.0/Middlewares/ST/rfal/Src/rfal_isoDep.c:2011:12:rfalIsoDepPPS	40	static
/Users/anirudhsingh/STM32Cube/Repository/Packs/STMicroelectronics/X-CUBE-NFC9/1.0.0/Middlewares/ST/rfal/Src/rfal_isoDep.c:2026:19:rfalIsoDepStartATTRIB	56	static
/Users/anirudhsingh/STM32Cube/Repository/Packs/STMicroelectronics/X-CUBE-NFC9/1.0.0/Middlewares/ST/rfal/Src/rfal_isoDep.c:2060:19:rfalIsoDepGetATTRIBStatus	24	static
/Users/anirudhsingh/STM32Cube/Repository/Packs/STMicroelectronics/X-CUBE-NFC9/1.0.0/Middlewares/ST/rfal/Src/rfal_isoDep.c:2088:12:rfalIsoDepATTRIB	72	static
/Users/anirudhsingh/STM32Cube/Repository/Packs/STMicroelectronics/X-CUBE-NFC9/1.0.0/Middlewares/ST/rfal/Src/rfal_isoDep.c:2104:12:rfalIsoDepPollAHandleActivation	40	static
/Users/anirudhsingh/STM32Cube/Repository/Packs/STMicroelectronics/X-CUBE-NFC9/1.0.0/Middlewares/ST/rfal/Src/rfal_isoDep.c:2116:12:rfalIsoDepPollAStartActivation	40	static
/Users/anirudhsingh/STM32Cube/Repository/Packs/STMicroelectronics/X-CUBE-NFC9/1.0.0/Middlewares/ST/rfal/Src/rfal_isoDep.c:2141:12:rfalIsoDepPollAGetActivationStatus	24	static
/Users/anirudhsingh/STM32Cube/Repository/Packs/STMicroelectronics/X-CUBE-NFC9/1.0.0/Middlewares/ST/rfal/Src/rfal_isoDep.c:2324:12:rfalIsoDepPollBHandleActivation	56	static
/Users/anirudhsingh/STM32Cube/Repository/Packs/STMicroelectronics/X-CUBE-NFC9/1.0.0/Middlewares/ST/rfal/Src/rfal_isoDep.c:2337:12:rfalIsoDepPollBStartActivation	72	static
/Users/anirudhsingh/STM32Cube/Repository/Packs/STMicroelectronics/X-CUBE-NFC9/1.0.0/Middlewares/ST/rfal/Src/rfal_isoDep.c:2412:12:rfalIsoDepPollBGetActivationStatus	24	static
/Users/anirudhsingh/STM32Cube/Repository/Packs/STMicroelectronics/X-CUBE-NFC9/1.0.0/Middlewares/ST/rfal/Src/rfal_isoDep.c:2469:12:rfalIsoDepPollHandleSParameters	80	static
/Users/anirudhsingh/STM32Cube/Repository/Packs/STMicroelectronics/X-CUBE-NFC9/1.0.0/Middlewares/ST/rfal/Src/rfal_isoDep.c:2593:13:rfalIsoDepCalcBitRate	40	static
/Users/anirudhsingh/STM32Cube/Repository/Packs/STMicroelectronics/X-CUBE-NFC9/1.0.0/Middlewares/ST/rfal/Src/rfal_isoDep.c:2662:17:rfalIsoDepSFGI2SFGT	24	static
/Users/anirudhsingh/STM32Cube/Repository/Packs/STMicroelectronics/X-CUBE-NFC9/1.0.0/Middlewares/ST/rfal/Src/rfal_isoDep.c:2693:14:rfalIsoDepApdu2IBLockParam	16	static
/Users/anirudhsingh/STM32Cube/Repository/Packs/STMicroelectronics/X-CUBE-NFC9/1.0.0/Middlewares/ST/rfal/Src/rfal_isoDep.c:2723:12:rfalIsoDepStartApduTransceive	96	static
/Users/anirudhsingh/STM32Cube/Repository/Packs/STMicroelectronics/X-CUBE-NFC9/1.0.0/Middlewares/ST/rfal/Src/rfal_isoDep.c:2744:12:rfalIsoDepGetApduTransceiveStatus	96	static
