/Users/anirudhsingh/STM32Cube/Repository/Packs/STMicroelectronics/X-CUBE-NFC9/1.0.0/Middlewares/ST/rfal/Src/rfal_st25xv.c:89:19:rfalST25xVPollerGenericReadConfiguration	104	static
/Users/anirudhsingh/STM32Cube/Repository/Packs/STMicroelectronics/X-CUBE-NFC9/1.0.0/Middlewares/ST/rfal/Src/rfal_st25xv.c:119:19:rfalST25xVPollerGenericWriteConfiguration	96	static
/Users/anirudhsingh/STM32Cube/Repository/Packs/STMicroelectronics/X-CUBE-NFC9/1.0.0/Middlewares/ST/rfal/Src/rfal_st25xv.c:136:19:rfalST25xVPollerGenericReadMessageLength	112	static
/Users/anirudhsingh/STM32Cube/Repository/Packs/STMicroelectronics/X-CUBE-NFC9/1.0.0/Middlewares/ST/rfal/Src/rfal_st25xv.c:163:19:rfalST25xVPollerGenericReadMessage	56	static
/Users/anirudhsingh/STM32Cube/Repository/Packs/STMicroelectronics/X-CUBE-NFC9/1.0.0/Middlewares/ST/rfal/Src/rfal_st25xv.c:178:19:rfalST25xVPollerGenericWriteMessage	96	static
/Users/anirudhsingh/STM32Cube/Repository/Packs/STMicroelectronics/X-CUBE-NFC9/1.0.0/Middlewares/ST/rfal/Src/rfal_st25xv.c:265:12:rfalST25xVPollerM24LRReadSingleBlock	72	static
/Users/anirudhsingh/STM32Cube/Repository/Packs/STMicroelectronics/X-CUBE-NFC9/1.0.0/Middlewares/ST/rfal/Src/rfal_st25xv.c:280:12:rfalST25xVPollerM24LRWriteSingleBlock	144	static
/Users/anirudhsingh/STM32Cube/Repository/Packs/STMicroelectronics/X-CUBE-NFC9/1.0.0/Middlewares/ST/rfal/Src/rfal_st25xv.c:305:12:rfalST25xVPollerM24LRReadMultipleBlocks	56	static
/Users/anirudhsingh/STM32Cube/Repository/Packs/STMicroelectronics/X-CUBE-NFC9/1.0.0/Middlewares/ST/rfal/Src/rfal_st25xv.c:321:12:rfalST25xVPollerFastReadSingleBlock	64	static
/Users/anirudhsingh/STM32Cube/Repository/Packs/STMicroelectronics/X-CUBE-NFC9/1.0.0/Middlewares/ST/rfal/Src/rfal_st25xv.c:331:12:rfalST25xVPollerM24LRFastReadSingleBlock	72	static
/Users/anirudhsingh/STM32Cube/Repository/Packs/STMicroelectronics/X-CUBE-NFC9/1.0.0/Middlewares/ST/rfal/Src/rfal_st25xv.c:346:12:rfalST25xVPollerM24LRFastReadMultipleBlocks	56	static
/Users/anirudhsingh/STM32Cube/Repository/Packs/STMicroelectronics/X-CUBE-NFC9/1.0.0/Middlewares/ST/rfal/Src/rfal_st25xv.c:362:12:rfalST25xVPollerFastReadMultipleBlocks	56	static
/Users/anirudhsingh/STM32Cube/Repository/Packs/STMicroelectronics/X-CUBE-NFC9/1.0.0/Middlewares/ST/rfal/Src/rfal_st25xv.c:377:12:rfalST25xVPollerFastExtendedReadSingleBlock	72	static
/Users/anirudhsingh/STM32Cube/Repository/Packs/STMicroelectronics/X-CUBE-NFC9/1.0.0/Middlewares/ST/rfal/Src/rfal_st25xv.c:392:12:rfalST25xVPollerFastExtReadMultipleBlocks	72	static
/Users/anirudhsingh/STM32Cube/Repository/Packs/STMicroelectronics/X-CUBE-NFC9/1.0.0/Middlewares/ST/rfal/Src/rfal_st25xv.c:409:12:rfalST25xVPollerReadConfiguration	40	static
/Users/anirudhsingh/STM32Cube/Repository/Packs/STMicroelectronics/X-CUBE-NFC9/1.0.0/Middlewares/ST/rfal/Src/rfal_st25xv.c:415:12:rfalST25xVPollerWriteConfiguration	32	static
/Users/anirudhsingh/STM32Cube/Repository/Packs/STMicroelectronics/X-CUBE-NFC9/1.0.0/Middlewares/ST/rfal/Src/rfal_st25xv.c:421:12:rfalST25xVPollerReadDynamicConfiguration	40	static
/Users/anirudhsingh/STM32Cube/Repository/Packs/STMicroelectronics/X-CUBE-NFC9/1.0.0/Middlewares/ST/rfal/Src/rfal_st25xv.c:427:12:rfalST25xVPollerWriteDynamicConfiguration	32	static
/Users/anirudhsingh/STM32Cube/Repository/Packs/STMicroelectronics/X-CUBE-NFC9/1.0.0/Middlewares/ST/rfal/Src/rfal_st25xv.c:433:12:rfalST25xVPollerFastReadDynamicConfiguration	40	static
/Users/anirudhsingh/STM32Cube/Repository/Packs/STMicroelectronics/X-CUBE-NFC9/1.0.0/Middlewares/ST/rfal/Src/rfal_st25xv.c:439:12:rfalST25xVPollerFastWriteDynamicConfiguration	32	static
/Users/anirudhsingh/STM32Cube/Repository/Packs/STMicroelectronics/X-CUBE-NFC9/1.0.0/Middlewares/ST/rfal/Src/rfal_st25xv.c:445:12:rfalST25xVPollerPresentPassword	112	static
/Users/anirudhsingh/STM32Cube/Repository/Packs/STMicroelectronics/X-CUBE-NFC9/1.0.0/Middlewares/ST/rfal/Src/rfal_st25xv.c:470:12:rfalST25xVPollerWritePassword	112	static
/Users/anirudhsingh/STM32Cube/Repository/Packs/STMicroelectronics/X-CUBE-NFC9/1.0.0/Middlewares/ST/rfal/Src/rfal_st25xv.c:495:12:rfalST25xVPollerGetRandomNumber	56	static
/Users/anirudhsingh/STM32Cube/Repository/Packs/STMicroelectronics/X-CUBE-NFC9/1.0.0/Middlewares/ST/rfal/Src/rfal_st25xv.c:506:12:rfalST25xVPollerWriteMessage	48	static
/Users/anirudhsingh/STM32Cube/Repository/Packs/STMicroelectronics/X-CUBE-NFC9/1.0.0/Middlewares/ST/rfal/Src/rfal_st25xv.c:512:12:rfalST25xVPollerFastWriteMessage	48	static
/Users/anirudhsingh/STM32Cube/Repository/Packs/STMicroelectronics/X-CUBE-NFC9/1.0.0/Middlewares/ST/rfal/Src/rfal_st25xv.c:518:12:rfalST25xVPollerReadMessageLength	24	static
/Users/anirudhsingh/STM32Cube/Repository/Packs/STMicroelectronics/X-CUBE-NFC9/1.0.0/Middlewares/ST/rfal/Src/rfal_st25xv.c:524:12:rfalST25xVPollerFastReadMsgLength	24	static
/Users/anirudhsingh/STM32Cube/Repository/Packs/STMicroelectronics/X-CUBE-NFC9/1.0.0/Middlewares/ST/rfal/Src/rfal_st25xv.c:530:12:rfalST25xVPollerReadMessage	40	static
/Users/anirudhsingh/STM32Cube/Repository/Packs/STMicroelectronics/X-CUBE-NFC9/1.0.0/Middlewares/ST/rfal/Src/rfal_st25xv.c:536:12:rfalST25xVPollerFastReadMessage	40	static
